Archive member included to satisfy reference by file (symbol)

c:/program files (x86)/atmel/studio/7.0/toolchain/avr8/avr8-gnu-toolchain/bin/../lib/gcc/avr/5.4.0/../../../../avr/lib/avr5\libm.a(addsf3.o)
                              Sketch.o (__subsf3)
c:/program files (x86)/atmel/studio/7.0/toolchain/avr8/avr8-gnu-toolchain/bin/../lib/gcc/avr/5.4.0/../../../../avr/lib/avr5\libm.a(addsf3x.o)
                              c:/program files (x86)/atmel/studio/7.0/toolchain/avr8/avr8-gnu-toolchain/bin/../lib/gcc/avr/5.4.0/../../../../avr/lib/avr5\libm.a(addsf3.o) (__addsf3x)
c:/program files (x86)/atmel/studio/7.0/toolchain/avr8/avr8-gnu-toolchain/bin/../lib/gcc/avr/5.4.0/../../../../avr/lib/avr5\libm.a(cmpsf2.o)
                              src/libraries/SparkFun_CCS811_Arduino_Library-master/src/SparkFunCCS811.o (__ltsf2)
c:/program files (x86)/atmel/studio/7.0/toolchain/avr8/avr8-gnu-toolchain/bin/../lib/gcc/avr/5.4.0/../../../../avr/lib/avr5\libm.a(divsf3.o)
                              src/libraries/SparkFun_CCS811_Arduino_Library-master/src/SparkFunCCS811.o (__divsf3)
c:/program files (x86)/atmel/studio/7.0/toolchain/avr8/avr8-gnu-toolchain/bin/../lib/gcc/avr/5.4.0/../../../../avr/lib/avr5\libm.a(divsf3x.o)
                              c:/program files (x86)/atmel/studio/7.0/toolchain/avr8/avr8-gnu-toolchain/bin/../lib/gcc/avr/5.4.0/../../../../avr/lib/avr5\libm.a(divsf3.o) (__divsf3x)
c:/program files (x86)/atmel/studio/7.0/toolchain/avr8/avr8-gnu-toolchain/bin/../lib/gcc/avr/5.4.0/../../../../avr/lib/avr5\libm.a(fixsfsi.o)
                              src/libraries/SparkFun_CCS811_Arduino_Library-master/src/SparkFunCCS811.o (__fixsfsi)
c:/program files (x86)/atmel/studio/7.0/toolchain/avr8/avr8-gnu-toolchain/bin/../lib/gcc/avr/5.4.0/../../../../avr/lib/avr5\libm.a(fixunssfsi.o)
                              Sketch.o (__fixunssfsi)
c:/program files (x86)/atmel/studio/7.0/toolchain/avr8/avr8-gnu-toolchain/bin/../lib/gcc/avr/5.4.0/../../../../avr/lib/avr5\libm.a(floatsisf.o)
                              src/libraries/DHTlib/dht.o (__floatunsisf)
c:/program files (x86)/atmel/studio/7.0/toolchain/avr8/avr8-gnu-toolchain/bin/../lib/gcc/avr/5.4.0/../../../../avr/lib/avr5\libm.a(fp_cmp.o)
                              c:/program files (x86)/atmel/studio/7.0/toolchain/avr8/avr8-gnu-toolchain/bin/../lib/gcc/avr/5.4.0/../../../../avr/lib/avr5\libm.a(cmpsf2.o) (__fp_cmp)
c:/program files (x86)/atmel/studio/7.0/toolchain/avr8/avr8-gnu-toolchain/bin/../lib/gcc/avr/5.4.0/../../../../avr/lib/avr5\libm.a(fp_inf.o)
                              c:/program files (x86)/atmel/studio/7.0/toolchain/avr8/avr8-gnu-toolchain/bin/../lib/gcc/avr/5.4.0/../../../../avr/lib/avr5\libm.a(addsf3x.o) (__fp_inf)
c:/program files (x86)/atmel/studio/7.0/toolchain/avr8/avr8-gnu-toolchain/bin/../lib/gcc/avr/5.4.0/../../../../avr/lib/avr5\libm.a(fp_nan.o)
                              c:/program files (x86)/atmel/studio/7.0/toolchain/avr8/avr8-gnu-toolchain/bin/../lib/gcc/avr/5.4.0/../../../../avr/lib/avr5\libm.a(addsf3x.o) (__fp_nan)
c:/program files (x86)/atmel/studio/7.0/toolchain/avr8/avr8-gnu-toolchain/bin/../lib/gcc/avr/5.4.0/../../../../avr/lib/avr5\libm.a(fp_pscA.o)
                              c:/program files (x86)/atmel/studio/7.0/toolchain/avr8/avr8-gnu-toolchain/bin/../lib/gcc/avr/5.4.0/../../../../avr/lib/avr5\libm.a(addsf3x.o) (__fp_pscA)
c:/program files (x86)/atmel/studio/7.0/toolchain/avr8/avr8-gnu-toolchain/bin/../lib/gcc/avr/5.4.0/../../../../avr/lib/avr5\libm.a(fp_pscB.o)
                              c:/program files (x86)/atmel/studio/7.0/toolchain/avr8/avr8-gnu-toolchain/bin/../lib/gcc/avr/5.4.0/../../../../avr/lib/avr5\libm.a(addsf3x.o) (__fp_pscB)
c:/program files (x86)/atmel/studio/7.0/toolchain/avr8/avr8-gnu-toolchain/bin/../lib/gcc/avr/5.4.0/../../../../avr/lib/avr5\libm.a(fp_round.o)
                              c:/program files (x86)/atmel/studio/7.0/toolchain/avr8/avr8-gnu-toolchain/bin/../lib/gcc/avr/5.4.0/../../../../avr/lib/avr5\libm.a(addsf3.o) (__fp_round)
c:/program files (x86)/atmel/studio/7.0/toolchain/avr8/avr8-gnu-toolchain/bin/../lib/gcc/avr/5.4.0/../../../../avr/lib/avr5\libm.a(fp_split3.o)
                              c:/program files (x86)/atmel/studio/7.0/toolchain/avr8/avr8-gnu-toolchain/bin/../lib/gcc/avr/5.4.0/../../../../avr/lib/avr5\libm.a(addsf3x.o) (__fp_split3)
c:/program files (x86)/atmel/studio/7.0/toolchain/avr8/avr8-gnu-toolchain/bin/../lib/gcc/avr/5.4.0/../../../../avr/lib/avr5\libm.a(fp_zero.o)
                              c:/program files (x86)/atmel/studio/7.0/toolchain/avr8/avr8-gnu-toolchain/bin/../lib/gcc/avr/5.4.0/../../../../avr/lib/avr5\libm.a(addsf3x.o) (__fp_zero)
c:/program files (x86)/atmel/studio/7.0/toolchain/avr8/avr8-gnu-toolchain/bin/../lib/gcc/avr/5.4.0/../../../../avr/lib/avr5\libm.a(gesf2.o)
                              src/libraries/SparkFun_CCS811_Arduino_Library-master/src/SparkFunCCS811.o (__gtsf2)
[...]
Memory Configuration

Name             Origin             Length             Attributes
text             0x00000000         0x00020000         xr
data             0x00800060         0x0000ffa0         rw !x
eeprom           0x00810000         0x00010000         rw !x
fuse             0x00820000         0x00000003         rw !x
lock             0x00830000         0x00000400         rw !x
signature        0x00840000         0x00000400         rw !x
user_signatures  0x00850000         0x00000400         rw !x
*default*        0x00000000         0xffffffff

Linker script and memory map

Address of section .data set to 0x800100
LOAD C:/Program Files (x86)/Atmel/Studio/7.0/Packs/atmel/ATmega_DFP/1.3.300/gcc/dev/atmega328/avr5/crtatmega328.o
LOAD Sketch.o
LOAD src/libraries/arduino-lmic-master/src/aes/ideetron/AES-128_V10.o
LOAD src/libraries/arduino-lmic-master/src/aes/lmic.o
LOAD src/libraries/arduino-lmic-master/src/aes/other.o
LOAD src/libraries/arduino-lmic-master/src/hal/hal.o
LOAD src/libraries/arduino-lmic-master/src/lmic/lmic.o
LOAD src/libraries/arduino-lmic-master/src/lmic/oslmic.o
LOAD src/libraries/arduino-lmic-master/src/lmic/radio.o
LOAD src/libraries/DHTlib/dht.o
LOAD src/libraries/SoftwareSerial/src/SoftwareSerial.o
LOAD src/libraries/SparkFun_CCS811_Arduino_Library-master/src/SparkFunCCS811.o
LOAD src/libraries/SPI/src/SPI.o
LOAD src/libraries/Wire/src/utility/twi.o
LOAD src/libraries/Wire/src/Wire.o
START GROUP
LOAD c:/program files (x86)/atmel/studio/7.0/toolchain/avr8/avr8-gnu-toolchain/bin/../lib/gcc/avr/5.4.0/../../../../avr/lib/avr5\libm.a
LOAD C:\Lora\TTNABP~1\TTNABP~1\TTNABP~1\ARDUIN~1\Debug\libArduinoCore.a
END GROUP
LOAD c:/program files (x86)/atmel/studio/7.0/toolchain/avr8/avr8-gnu-toolchain/bin/../lib/gcc/avr/5.4.0/avr5\libgcc.a
LOAD c:/program files (x86)/atmel/studio/7.0/toolchain/avr8/avr8-gnu-toolchain/bin/../lib/gcc/avr/5.4.0/../../../../avr/lib/avr5\libm.a
START GROUP
LOAD c:/program files (x86)/atmel/studio/7.0/toolchain/avr8/avr8-gnu-toolchain/bin/../lib/gcc/avr/5.4.0/avr5\libgcc.a
LOAD c:/program files (x86)/atmel/studio/7.0/toolchain/avr8/avr8-gnu-toolchain/bin/../lib/gcc/avr/5.4.0/../../../../avr/lib/avr5\libm.a
LOAD c:/program files (x86)/atmel/studio/7.0/toolchain/avr8/avr8-gnu-toolchain/bin/../lib/gcc/avr/5.4.0/../../../../avr/lib/avr5\libc.a
LOAD C:/Program Files (x86)/Atmel/Studio/7.0/Packs/atmel/ATmega_DFP/1.3.300/gcc/dev/atmega328/avr5\libatmega328.a
END GROUP
                0x00000000                __TEXT_REGION_ORIGIN__ = DEFINED (__TEXT_REGION_ORIGIN__)?__TEXT_REGION_ORIGIN__:0x0
                0x00800060                __DATA_REGION_ORIGIN__ = DEFINED (__DATA_REGION_ORIGIN__)?__DATA_REGION_ORIGIN__:0x800060
                0x00020000                __TEXT_REGION_LENGTH__ = DEFINED (__TEXT_REGION_LENGTH__)?__TEXT_REGION_LENGTH__:0x20000
                0x0000ffa0                __DATA_REGION_LENGTH__ = DEFINED (__DATA_REGION_LENGTH__)?__DATA_REGION_LENGTH__:0xffa0
                0x00010000                __EEPROM_REGION_LENGTH__ = DEFINED (__EEPROM_REGION_LENGTH__)?__EEPROM_REGION_LENGTH__:0x10000
                [0x00000003]                __FUSE_REGION_LENGTH__ = DEFINED (__FUSE_REGION_LENGTH__)?__FUSE_REGION_LENGTH__:0x400
                0x00000400                __LOCK_REGION_LENGTH__ = DEFINED (__LOCK_REGION_LENGTH__)?__LOCK_REGION_LENGTH__:0x400
                0x00000400                __SIGNATURE_REGION_LENGTH__ = DEFINED (__SIGNATURE_REGION_LENGTH__)?__SIGNATURE_REGION_LENGTH__:0x400
                0x00000400                __USER_SIGNATURE_REGION_LENGTH__ = DEFINED (__USER_SIGNATURE_REGION_LENGTH__)?__USER_SIGNATURE_REGION_LENGTH__:0x400

.hash
 *(.hash)

.dynsym
 *(.dynsym)

.dynstr
 *(.dynstr)

.gnu.version
 *(.gnu.version)

.gnu.version_d
 *(.gnu.version_d)

.gnu.version_r
 *(.gnu.version_r)

.rel.init
 *(.rel.init)

.rela.init
 *(.rela.init)

.rel.text
 *(.rel.text)
 *(.rel.text.*)
 *(.rel.gnu.linkonce.t*)

.rela.text
 *(.rela.text)
 *(.rela.text.*)
 *(.rela.gnu.linkonce.t*)

.rel.fini
 *(.rel.fini)

.rela.fini
 *(.rela.fini)

.rel.rodata
 *(.rel.rodata)
 *(.rel.rodata.*)
 *(.rel.gnu.linkonce.r*)

.rela.rodata
 *(.rela.rodata)
 *(.rela.rodata.*)
 *(.rela.gnu.linkonce.r*)

.rel.data
 *(.rel.data)
 *(.rel.data.*)
 *(.rel.gnu.linkonce.d*)

.rela.data
 *(.rela.data)
 *(.rela.data.*)
 *(.rela.gnu.linkonce.d*)

.rel.ctors
 *(.rel.ctors)

.rela.ctors
 *(.rela.ctors)

.rel.dtors
 *(.rel.dtors)

.rela.dtors
 *(.rela.dtors)

.rel.got
 *(.rel.got)

.rela.got
 *(.rela.got)

.rel.bss
 *(.rel.bss)

.rela.bss
 *(.rela.bss)

.rel.plt
 *(.rel.plt)

.rela.plt
 *(.rela.plt)

.text           0x00000000     0x7724
 *(.vectors)
 .vectors       0x00000000       0x68 C:/Program Files (x86)/Atmel/Studio/7.0/Packs/atmel/ATmega_DFP/1.3.300/gcc/dev/atmega328/avr5/crtatmega328.o
                0x00000000                __vector_default
                0x00000000                __vectors
 *(.vectors)
 *(.progmem.gcc*)
 .progmem.gcc_sw_table.onEvent
                0x00000068       0x1e Sketch.o
 .progmem.gcc_sw_table.decodeFrame
                0x00000086       0x22 src/libraries/arduino-lmic-master/src/lmic/lmic.o
                0x000000a8                . = ALIGN (0x2)
                0x000000a8                __trampolines_start = .
 *(.trampolines)
 .trampolines   0x000000a8        0x0 linker stubs
 *(.trampolines*)
                0x000000a8                __trampolines_end = .
 *libprintf_flt.a:*(.progmem.data)
 *libc.a:*(.progmem.data)
 .progmem.data  0x000000a8       0xfa c:/program files (x86)/atmel/studio/7.0/toolchain/avr8/avr8-gnu-toolchain/bin/../lib/gcc/avr/5.4.0/../../../../avr/lib/avr5\libc.a(ftoa_engine.o)
 *(.progmem*)
 .progmem.data._ZZ5setupE3__c
                0x000001a2        0x9 Sketch.o
 .progmem.data._ZZ7onEventE3__c_17
                0x000001ab        0xe Sketch.o
 .progmem.data._ZZ7onEventE3__c_16
                0x000001b9        0xe Sketch.o
 .progmem.data._ZZ7onEventE3__c_15
                0x000001c7        0xd Sketch.o
 .progmem.data._ZZ7onEventE3__c_14
                0x000001d4        0xe Sketch.o
 .progmem.data._ZZ7onEventE3__c_13
                0x000001e2        0x9 Sketch.o
 .progmem.data._ZZ7onEventE3__c_12
                0x000001eb        0xe Sketch.o
 .progmem.data._ZZ7onEventE3__c_11
                0x000001f9       0x12 Sketch.o
 .progmem.data._ZZ7onEventE3__c_10
                0x0000020b        0xa Sketch.o
 .progmem.data._ZZ7onEventE3__c_9
                0x00000215        0xd Sketch.o
 .progmem.data._ZZ7onEventE3__c_8
                0x00000222       0x30 Sketch.o
 .progmem.data._ZZ7onEventE3__c_7
                0x00000252       0x11 Sketch.o
 .progmem.data._ZZ7onEventE3__c_6
                0x00000263        0xf Sketch.o
 .progmem.data._ZZ7onEventE3__c_5
                0x00000272        0x8 Sketch.o
 .progmem.data._ZZ7onEventE3__c_4
                0x0000027a        0xa Sketch.o
 .progmem.data._ZZ7onEventE3__c_3
                0x00000284        0xb Sketch.o
 .progmem.data._ZZ7onEventE3__c_2
                0x0000028f       0x12 Sketch.o
 .progmem.data._ZZ7onEventE3__c_1
                0x000002a1       0x11 Sketch.o
 .progmem.data._ZZ7onEventE3__c_0
                0x000002b2       0x10 Sketch.o
 .progmem.data._ZZ7onEventE3__c
                0x000002c2       0x10 Sketch.o
 .progmem.data._ZZ7do_sendP7osjob_tE3__c_0
                0x000002d2        0xe Sketch.o
 .progmem.data._ZZ7do_sendP7osjob_tE3__c
                0x000002e0       0x19 Sketch.o
 .progmem.data._ZL7APPSKEY
                0x000002f9       0x10 Sketch.o
 .progmem.data._ZL7NWKSKEY
                0x00000309       0x10 Sketch.o
 .progmem.data._ZL22constant_table_S_Table
                0x00000319      0x100 src/libraries/arduino-lmic-master/src/aes/ideetron/AES-128_V10.o
 .progmem.data.constant_table_iniChannelFreq
                0x00000419       0x18 src/libraries/arduino-lmic-master/src/lmic/lmic.o
 .progmem.data.constant_table_DR2HSYM_osticks
                0x00000431       0x20 src/libraries/arduino-lmic-master/src/lmic/lmic.o
 .progmem.data.constant_table_DRADJUST
                0x00000451        0xa src/libraries/arduino-lmic-master/src/lmic/lmic.o
 .progmem.data.constant_table_SENSITIVITY
                0x0000045b       0x15 src/libraries/arduino-lmic-master/src/lmic/lmic.o
 .progmem.data.constant_table_TXPOWLEVELS
                0x00000470       0x10 src/libraries/arduino-lmic-master/src/lmic/lmic.o
 .progmem.data.constant_table__DR2RPS_CRC
                0x00000480        0xa src/libraries/arduino-lmic-master/src/lmic/lmic.o
                0x00000480                constant_table__DR2RPS_CRC
 .progmem.data.constant_table_LORA_RXDONE_FIXUP
                0x0000048a        0xe src/libraries/arduino-lmic-master/src/lmic/radio.o
 .progmem.data.constant_table_rxlorairqmask
                0x00000498        0x3 src/libraries/arduino-lmic-master/src/lmic/radio.o
 .progmem.data.digital_pin_to_timer_PGM
                0x0000049b       0x14 C:\Lora\TTNABP~1\TTNABP~1\TTNABP~1\ARDUIN~1\Debug\libArduinoCore.a(wiring_digital.o)
                0x0000049b                digital_pin_to_timer_PGM
 .progmem.data.digital_pin_to_bit_mask_PGM
                0x000004af       0x14 C:\Lora\TTNABP~1\TTNABP~1\TTNABP~1\ARDUIN~1\Debug\libArduinoCore.a(wiring_digital.o)
                0x000004af                digital_pin_to_bit_mask_PGM
 .progmem.data.digital_pin_to_port_PGM
                0x000004c3       0x14 C:\Lora\TTNABP~1\TTNABP~1\TTNABP~1\ARDUIN~1\Debug\libArduinoCore.a(wiring_digital.o)
                0x000004c3                digital_pin_to_port_PGM
 .progmem.data.port_to_input_PGM
                0x000004d7        0xa C:\Lora\TTNABP~1\TTNABP~1\TTNABP~1\ARDUIN~1\Debug\libArduinoCore.a(wiring_digital.o)
                0x000004d7                port_to_input_PGM
 .progmem.data.port_to_output_PGM
                0x000004e1        0xa C:\Lora\TTNABP~1\TTNABP~1\TTNABP~1\ARDUIN~1\Debug\libArduinoCore.a(wiring_digital.o)
                0x000004e1                port_to_output_PGM
 .progmem.data.port_to_mode_PGM
                0x000004eb        0xa C:\Lora\TTNABP~1\TTNABP~1\TTNABP~1\ARDUIN~1\Debug\libArduinoCore.a(wiring_digital.o)
                0x000004eb                port_to_mode_PGM
                0x000004f6                . = ALIGN (0x2)
 *fill*         0x000004f5        0x1 
 *(.jumptables)
 *(.jumptables*)
 *(.lowtext)
 *(.lowtext*)
                0x000004f6                __ctors_start = .
 *(.ctors)
 .ctors         0x000004f6        0x2 Sketch.o
 .ctors         0x000004f8        0x2 src/libraries/arduino-lmic-master/src/hal/hal.o
 .ctors         0x000004fa        0x2 src/libraries/Wire/src/Wire.o
 .ctors         0x000004fc        0x2 C:\Lora\TTNABP~1\TTNABP~1\TTNABP~1\ARDUIN~1\Debug\libArduinoCore.a(HardwareSerial0.o)
                0x000004fe                __ctors_end = .
                0x000004fe                __dtors_start = .
 *(.dtors)
                0x000004fe                __dtors_end = .
 SORT(*)(.ctors)
 SORT(*)(.dtors)
 *(.init0)
 .init0         0x000004fe        0x0 C:/Program Files (x86)/Atmel/Studio/7.0/Packs/atmel/ATmega_DFP/1.3.300/gcc/dev/atmega328/avr5/crtatmega328.o
                0x000004fe                __init
 *(.init0)
 *(.init1)
 *(.init1)
 *(.init2)
 .init2         0x000004fe        0xc C:/Program Files (x86)/Atmel/Studio/7.0/Packs/atmel/ATmega_DFP/1.3.300/gcc/dev/atmega328/avr5/crtatmega328.o
 *(.init2)
 *(.init3)
 *(.init3)
 *(.init4)
 .init4         0x0000050a       0x16 c:/program files (x86)/atmel/studio/7.0/toolchain/avr8/avr8-gnu-toolchain/bin/../lib/gcc/avr/5.4.0/avr5\libgcc.a(_copy_data.o)
                0x0000050a                __do_copy_data
 .init4         0x00000520       0x10 c:/program files (x86)/atmel/studio/7.0/toolchain/avr8/avr8-gnu-toolchain/bin/../lib/gcc/avr/5.4.0/avr5\libgcc.a(_clear_bss.o)
                0x00000520                __do_clear_bss
 *(.init4)
 *(.init5)
 *(.init5)
 *(.init6)
 .init6         0x00000530       0x16 c:/program files (x86)/atmel/studio/7.0/toolchain/avr8/avr8-gnu-toolchain/bin/../lib/gcc/avr/5.4.0/avr5\libgcc.a(_ctors.o)
                0x00000530                __do_global_ctors
 *(.init6)
 *(.init7)
 *(.init7)
 *(.init8)
 *(.init8)
 *(.init9)
 .init9         0x00000546        0x8 C:/Program Files (x86)/Atmel/Studio/7.0/Packs/atmel/ATmega_DFP/1.3.300/gcc/dev/atmega328/avr5/crtatmega328.o
 *(.init9)
 *(.text)
 .text          0x0000054e        0x4 C:/Program Files (x86)/Atmel/Studio/7.0/Packs/atmel/ATmega_DFP/1.3.300/gcc/dev/atmega328/avr5/crtatmega328.o
                0x0000054e                __vector_22
                0x0000054e                __vector_1
                0x0000054e                __vector_12
                0x0000054e                __bad_interrupt
                0x0000054e                __vector_6
                0x0000054e                __vector_23
                0x0000054e                __vector_25
                0x0000054e                __vector_11
                0x0000054e                __vector_13
                0x0000054e                __vector_17
                0x0000054e                __vector_7
                0x0000054e                __vector_9
                0x0000054e                __vector_2
                0x0000054e                __vector_21
                0x0000054e                __vector_15
                0x0000054e                __vector_8
                0x0000054e                __vector_14
                0x0000054e                __vector_10
                0x0000054e                __vector_20
                0x00000552                . = ALIGN (0x2)
 *(.text.*)
 .text.os_getArtEui
                0x00000552        0x2 Sketch.o
                0x00000552                os_getArtEui
 .text.os_getDevEui
                0x00000554        0x2 Sketch.o
                0x00000554                os_getDevEui
 .text.os_getDevKey
                0x00000556        0x2 Sketch.o
                0x00000556                os_getDevKey
 .text._Z16updateSensorDatav
                0x00000558      0x35c Sketch.o
                0x00000558                _Z16updateSensorDatav
 .text._Z7do_sendP7osjob_t
                0x000008b4       0x2c Sketch.o
                0x000008b4                _Z7do_sendP7osjob_t
 .text.onEvent  0x000008e0      0x10c Sketch.o
                0x000008e0                onEvent
 .text.setup    0x000009ec       0xfe Sketch.o
                0x000009ec                setup
 .text.loop     0x00000aea        0x4 Sketch.o
                0x00000aea                loop
 .text.startup._GLOBAL__sub_I_DHT
                0x00000aee        0xe Sketch.o
 .text._ZL17AES_Add_Round_KeyPh
                0x00000afc       0x32 src/libraries/arduino-lmic-master/src/aes/ideetron/AES-128_V10.o
 .text._ZL14AES_Shift_Rowsv
                0x00000b2e       0x36 src/libraries/arduino-lmic-master/src/aes/ideetron/AES-128_V10.o
 .text._ZL23AES_Calculate_Round_KeyhPh
                0x00000b64       0xb0 src/libraries/arduino-lmic-master/src/aes/ideetron/AES-128_V10.o
 .text.lmic_aes_encrypt
                0x00000c14      0x1f6 src/libraries/arduino-lmic-master/src/aes/ideetron/AES-128_V10.o
                0x00000c14                lmic_aes_encrypt
 .text.shift_left.constprop.0
                0x00000e0a       0x1e src/libraries/arduino-lmic-master/src/aes/other.o
 .text.os_aes   0x00000e28      0x1e6 src/libraries/arduino-lmic-master/src/aes/other.o
                0x00000e28                os_aes
 .text.hal_pin_rxtx
                0x0000100e       0x10 src/libraries/arduino-lmic-master/src/hal/hal.o
                0x0000100e                hal_pin_rxtx
 .text.hal_pin_rst
                0x0000101e       0x38 src/libraries/arduino-lmic-master/src/hal/hal.o
                0x0000101e                hal_pin_rst
 .text.hal_pin_nss
                0x00001056       0x66 src/libraries/arduino-lmic-master/src/hal/hal.o
                0x00001056                hal_pin_nss
 .text.hal_spi  0x000010bc        0xe src/libraries/arduino-lmic-master/src/hal/hal.o
                0x000010bc                hal_spi
 .text.hal_ticks
                0x000010ca       0x2e src/libraries/arduino-lmic-master/src/hal/hal.o
                0x000010ca                hal_ticks
 .text.hal_waitUntil
                0x000010f8       0x6c src/libraries/arduino-lmic-master/src/hal/hal.o
                0x000010f8                hal_waitUntil
 .text.hal_checkTimer
                0x00001164       0x30 src/libraries/arduino-lmic-master/src/hal/hal.o
                0x00001164                hal_checkTimer
 .text.hal_disableIRQs
                0x00001194        0xe src/libraries/arduino-lmic-master/src/hal/hal.o
                0x00001194                hal_disableIRQs
 .text.hal_enableIRQs
                0x000011a2       0x72 src/libraries/arduino-lmic-master/src/hal/hal.o
                0x000011a2                hal_enableIRQs
 .text.hal_sleep
                0x00001214        0x2 src/libraries/arduino-lmic-master/src/hal/hal.o
                0x00001214                hal_sleep
 .text.startup._GLOBAL__sub_I_hal_pin_rxtx
                0x00001216        0xe src/libraries/arduino-lmic-master/src/hal/hal.o
 .text.hal_failed
                0x00001224       0x40 src/libraries/arduino-lmic-master/src/hal/hal.o
                0x00001224                hal_failed
 .text.hal_init
                0x00001264       0x8a src/libraries/arduino-lmic-master/src/hal/hal.o
                0x00001264                hal_init
 .text.setBcnRxParams
                0x000012ee       0x3c src/libraries/arduino-lmic-master/src/lmic/lmic.o
 .text.stateJustJoined
                0x0000132a       0x8c src/libraries/arduino-lmic-master/src/lmic/lmic.o
 .text.calcRxWindow
                0x000013b6       0xee src/libraries/arduino-lmic-master/src/lmic/lmic.o
 .text.rndDelay
                0x000014a4       0x6e src/libraries/arduino-lmic-master/src/lmic/lmic.o
 .text.txDelay  0x00001512       0x78 src/libraries/arduino-lmic-master/src/lmic/lmic.o
 .text.schedRx12
                0x0000158a      0x170 src/libraries/arduino-lmic-master/src/lmic/lmic.o
 .text.startRxBcn
                0x000016fa       0x12 src/libraries/arduino-lmic-master/src/lmic/lmic.o
 .text.startRxPing
                0x0000170c       0x12 src/libraries/arduino-lmic-master/src/lmic/lmic.o
 .text.setupRx1
                0x0000171e       0x22 src/libraries/arduino-lmic-master/src/lmic/lmic.o
 .text.setupRx1DnData
                0x00001740        0x8 src/libraries/arduino-lmic-master/src/lmic/lmic.o
 .text.setupRx1Jacc
                0x00001748        0x8 src/libraries/arduino-lmic-master/src/lmic/lmic.o
 .text.setupRx2
                0x00001750       0x48 src/libraries/arduino-lmic-master/src/lmic/lmic.o
 .text.setupRx2DnData
                0x00001798       0x10 src/libraries/arduino-lmic-master/src/lmic/lmic.o
 .text.setupRx2Jacc
                0x000017a8       0x10 src/libraries/arduino-lmic-master/src/lmic/lmic.o
 .text.startScan
                0x000017b8       0x98 src/libraries/arduino-lmic-master/src/lmic/lmic.o
 .text.initDefaultChannels
                0x00001850      0x106 src/libraries/arduino-lmic-master/src/lmic/lmic.o
 .text.setDrTxpow.isra.1
                0x00001956       0x28 src/libraries/arduino-lmic-master/src/lmic/lmic.o
 .text.os_rlsbf4
                0x0000197e        0xc src/libraries/arduino-lmic-master/src/lmic/lmic.o
                0x0000197e                os_rlsbf4
 .text.convFreq
                0x0000198a       0x3c src/libraries/arduino-lmic-master/src/lmic/lmic.o
 .text.os_rmsbf4
                0x000019c6       0x10 src/libraries/arduino-lmic-master/src/lmic/lmic.o
                0x000019c6                os_rmsbf4
 .text.os_wlsbf4
                0x000019d6        0xc src/libraries/arduino-lmic-master/src/lmic/lmic.o
                0x000019d6                os_wlsbf4
 .text.aes_cipher.part.3
                0x000019e2       0x8e src/libraries/arduino-lmic-master/src/lmic/lmic.o
 .text.rxschedInit.constprop.10
                0x00001a70      0x10a src/libraries/arduino-lmic-master/src/lmic/lmic.o
 .text.txDone   0x00001b7a       0xb2 src/libraries/arduino-lmic-master/src/lmic/lmic.o
 .text.updataDone
                0x00001c2c       0x16 src/libraries/arduino-lmic-master/src/lmic/lmic.o
 .text.jreqDone
                0x00001c42       0x10 src/libraries/arduino-lmic-master/src/lmic/lmic.o
 .text.os_wmsbf4
                0x00001c52        0xc src/libraries/arduino-lmic-master/src/lmic/lmic.o
                0x00001c52                os_wmsbf4
 .text.os_crc16
                0x00001c5e       0x36 src/libraries/arduino-lmic-master/src/lmic/lmic.o
                0x00001c5e                os_crc16
 .text.decodeBeacon
                0x00001c94      0x150 src/libraries/arduino-lmic-master/src/lmic/lmic.o
 .text.getSensitivity
                0x00001de4       0x2e src/libraries/arduino-lmic-master/src/lmic/lmic.o
                0x00001de4                getSensitivity
 .text.calcAirTime
                0x00001e12      0x152 src/libraries/arduino-lmic-master/src/lmic/lmic.o
                0x00001e12                calcAirTime
 .text.LMIC_setupChannel
                0x00001f64      0x110 src/libraries/arduino-lmic-master/src/lmic/lmic.o
                0x00001f64                LMIC_setupChannel
 .text.decodeFrame
                0x00002074      0x6e6 src/libraries/arduino-lmic-master/src/lmic/lmic.o
 .text.LMIC_disableChannel
                0x0000275a       0x4e src/libraries/arduino-lmic-master/src/lmic/lmic.o
                0x0000275a                LMIC_disableChannel
 .text.LMIC_startJoining
                0x000027a8       0xf6 src/libraries/arduino-lmic-master/src/lmic/lmic.o
                0x000027a8                LMIC_startJoining
 .text.engineUpdate
                0x0000289e      0xb7a src/libraries/arduino-lmic-master/src/lmic/lmic.o
 .text.reportEvent
                0x00003418        0x8 src/libraries/arduino-lmic-master/src/lmic/lmic.o
 .text.onBcnRx  0x00003420       0xc2 src/libraries/arduino-lmic-master/src/lmic/lmic.o
 .text.processBeacon
                0x000034e2      0x244 src/libraries/arduino-lmic-master/src/lmic/lmic.o
 .text.processJoinAccept
                0x00003726      0x360 src/libraries/arduino-lmic-master/src/lmic/lmic.o
 .text.processRx1Jacc
                0x00003a86       0x26 src/libraries/arduino-lmic-master/src/lmic/lmic.o
 .text.processRx2Jacc
                0x00003aac       0x10 src/libraries/arduino-lmic-master/src/lmic/lmic.o
 .text.onJoinFailed
                0x00003abc        0x6 src/libraries/arduino-lmic-master/src/lmic/lmic.o
 .text.startJoining
                0x00003ac2        0x6 src/libraries/arduino-lmic-master/src/lmic/lmic.o
 .text.runEngineUpdate
                0x00003ac8        0x4 src/libraries/arduino-lmic-master/src/lmic/lmic.o
 .text.processPingRx
                0x00003acc       0x20 src/libraries/arduino-lmic-master/src/lmic/lmic.o
 .text.processDnData
                0x00003aec      0x15e src/libraries/arduino-lmic-master/src/lmic/lmic.o
 .text.processRx1DnData
                0x00003c4a       0x2e src/libraries/arduino-lmic-master/src/lmic/lmic.o
 .text.processRx2DnData
                0x00003c78       0x22 src/libraries/arduino-lmic-master/src/lmic/lmic.o
 .text.LMIC_setDrTxpow
                0x00003c9a        0x4 src/libraries/arduino-lmic-master/src/lmic/lmic.o
                0x00003c9a                LMIC_setDrTxpow
 .text.LMIC_reset
                0x00003c9e       0x94 src/libraries/arduino-lmic-master/src/lmic/lmic.o
                0x00003c9e                LMIC_reset
 .text.runReset
                0x00003d32        0xe src/libraries/arduino-lmic-master/src/lmic/lmic.o
 .text.LMIC_init
                0x00003d40        0xe src/libraries/arduino-lmic-master/src/lmic/lmic.o
                0x00003d40                LMIC_init
 .text.LMIC_setTxData
                0x00003d4e       0x1e src/libraries/arduino-lmic-master/src/lmic/lmic.o
                0x00003d4e                LMIC_setTxData
 .text.LMIC_setTxData2
                0x00003d6c       0x42 src/libraries/arduino-lmic-master/src/lmic/lmic.o
                0x00003d6c                LMIC_setTxData2
 .text.LMIC_setSession
                0x00003dae       0x7c src/libraries/arduino-lmic-master/src/lmic/lmic.o
                0x00003dae                LMIC_setSession
 .text.LMIC_setLinkCheckMode
                0x00003e2a       0x14 src/libraries/arduino-lmic-master/src/lmic/lmic.o
                0x00003e2a                LMIC_setLinkCheckMode
 .text.os_init  0x00003e3e       0x1a src/libraries/arduino-lmic-master/src/lmic/oslmic.o
                0x00003e3e                os_init
 .text.os_getTime
                0x00003e58        0x4 src/libraries/arduino-lmic-master/src/lmic/oslmic.o
                0x00003e58                os_getTime
 .text.os_clearCallback
                0x00003e5c       0x5c src/libraries/arduino-lmic-master/src/lmic/oslmic.o
                0x00003e5c                os_clearCallback
 .text.os_setCallback
                0x00003eb8       0x48 src/libraries/arduino-lmic-master/src/lmic/oslmic.o
                0x00003eb8                os_setCallback
 .text.os_setTimedCallback
                0x00003f00       0x86 src/libraries/arduino-lmic-master/src/lmic/oslmic.o
                0x00003f00                os_setTimedCallback
 .text.os_runloop_once
                0x00003f86       0x72 src/libraries/arduino-lmic-master/src/lmic/oslmic.o
                0x00003f86                os_runloop_once
 .text.writeReg
                0x00003ff8       0x26 src/libraries/arduino-lmic-master/src/lmic/radio.o
 .text.configLoraModem
                0x0000401e       0xce src/libraries/arduino-lmic-master/src/lmic/radio.o
 .text.configChannel
                0x000040ec       0xa0 src/libraries/arduino-lmic-master/src/lmic/radio.o
 .text.readReg  0x0000418c       0x26 src/libraries/arduino-lmic-master/src/lmic/radio.o
 .text.opmode   0x000041b2       0x18 src/libraries/arduino-lmic-master/src/lmic/radio.o
 .text.rxlora   0x000041ca       0xc4 src/libraries/arduino-lmic-master/src/lmic/radio.o
 .text.configPower
                0x0000428e       0x2c src/libraries/arduino-lmic-master/src/lmic/radio.o
 .text.startrx  0x000042ba      0x10e src/libraries/arduino-lmic-master/src/lmic/radio.o
 .text.readBuf.constprop.0
                0x000043c8       0x3e src/libraries/arduino-lmic-master/src/lmic/radio.o
 .text.writeBuf.constprop.1
                0x00004406       0x3c src/libraries/arduino-lmic-master/src/lmic/radio.o
 .text.radio_init
                0x00004442       0xde src/libraries/arduino-lmic-master/src/lmic/radio.o
                0x00004442                radio_init
 .text.radio_rand1
                0x00004520       0x40 src/libraries/arduino-lmic-master/src/lmic/radio.o
                0x00004520                radio_rand1
 .text.radio_irq_handler
                0x00004560      0x16a src/libraries/arduino-lmic-master/src/lmic/radio.o
                0x00004560                radio_irq_handler
 .text.os_radio
                0x000046ca      0x188 src/libraries/arduino-lmic-master/src/lmic/radio.o
                0x000046ca                os_radio
 .text._ZN3dht11_readSensorEhhh
                0x00004852      0x182 src/libraries/DHTlib/dht.o
                0x00004852                _ZN3dht11_readSensorEhhh
 .text._ZN3dht6read11Eh
                0x000049d4       0x7e src/libraries/DHTlib/dht.o
                0x000049d4                _ZN3dht6read11Eh
 .text._ZN5Print17availableForWriteEv
                0x00004a52        0x6 src/libraries/SoftwareSerial/src/SoftwareSerial.o
                0x00004a52                _ZN5Print17availableForWriteEv
 .text.__vector_3
                0x00004a58       0xf4 src/libraries/SoftwareSerial/src/SoftwareSerial.o
                0x00004a58                __vector_5
                0x00004a58                __vector_4
                0x00004a58                __vector_3
 .text._ZN10CCS811Core12readRegisterEhPh
                0x00004b4c       0x70 src/libraries/SparkFun_CCS811_Arduino_Library-master/src/SparkFunCCS811.o
                0x00004b4c                _ZN10CCS811Core12readRegisterEhPh
 .text._ZN10CCS811Core9beginCoreER7TwoWire
                0x00004bbc       0x4a src/libraries/SparkFun_CCS811_Arduino_Library-master/src/SparkFunCCS811.o
                0x00004bbc                _ZN10CCS811Core9beginCoreER7TwoWire
 .text._ZN10CCS811Core17multiReadRegisterEhPhh
                0x00004c06       0xa0 src/libraries/SparkFun_CCS811_Arduino_Library-master/src/SparkFunCCS811.o
                0x00004c06                _ZN10CCS811Core17multiReadRegisterEhPhh
 .text._ZN10CCS811Core13writeRegisterEhh
                0x00004ca6       0x5c src/libraries/SparkFun_CCS811_Arduino_Library-master/src/SparkFunCCS811.o
                0x00004ca6                _ZN10CCS811Core13writeRegisterEhh
 .text._ZN10CCS811Core18multiWriteRegisterEhPhh
                0x00004d02       0x7c src/libraries/SparkFun_CCS811_Arduino_Library-master/src/SparkFunCCS811.o
                0x00004d02                _ZN10CCS811Core18multiWriteRegisterEhPhh
 .text._ZN6CCS811C2Eh
                0x00004d7e       0x36 src/libraries/SparkFun_CCS811_Arduino_Library-master/src/SparkFunCCS811.o
                0x00004d7e                _ZN6CCS811C2Eh
                0x00004d7e                _ZN6CCS811C1Eh
 .text._ZN6CCS81120readAlgorithmResultsEv
                0x00004db4       0x54 src/libraries/SparkFun_CCS811_Arduino_Library-master/src/SparkFunCCS811.o
                0x00004db4                _ZN6CCS81120readAlgorithmResultsEv
 .text._ZN6CCS81119checkForStatusErrorEv
                0x00004e08       0x22 src/libraries/SparkFun_CCS811_Arduino_Library-master/src/SparkFunCCS811.o
                0x00004e08                _ZN6CCS81119checkForStatusErrorEv
 .text._ZN6CCS81113dataAvailableEv
                0x00004e2a       0x2e src/libraries/SparkFun_CCS811_Arduino_Library-master/src/SparkFunCCS811.o
                0x00004e2a                _ZN6CCS81113dataAvailableEv
 .text._ZN6CCS8118appValidEv
                0x00004e58       0x2c src/libraries/SparkFun_CCS811_Arduino_Library-master/src/SparkFunCCS811.o
                0x00004e58                _ZN6CCS8118appValidEv
 .text._ZN6CCS81112setDriveModeEh
                0x00004e84       0x52 src/libraries/SparkFun_CCS811_Arduino_Library-master/src/SparkFunCCS811.o
                0x00004e84                _ZN6CCS81112setDriveModeEh
 .text._ZN6CCS81115beginWithStatusER7TwoWire
                0x00004ed6       0xc2 src/libraries/SparkFun_CCS811_Arduino_Library-master/src/SparkFunCCS811.o
                0x00004ed6                _ZN6CCS81115beginWithStatusER7TwoWire
 .text._ZN6CCS8115beginER7TwoWire
                0x00004f98        0xe src/libraries/SparkFun_CCS811_Arduino_Library-master/src/SparkFunCCS811.o
                0x00004f98                _ZN6CCS8115beginER7TwoWire
 .text._ZN6CCS81120setEnvironmentalDataEff
                0x00004fa6      0x114 src/libraries/SparkFun_CCS811_Arduino_Library-master/src/SparkFunCCS811.o
                0x00004fa6                _ZN6CCS81120setEnvironmentalDataEff
 .text._ZN6CCS8117getTVOCEv
                0x000050ba        0x8 src/libraries/SparkFun_CCS811_Arduino_Library-master/src/SparkFunCCS811.o
                0x000050ba                _ZN6CCS8117getTVOCEv
 .text._ZN6CCS8116getCO2Ev
                0x000050c2        0x8 src/libraries/SparkFun_CCS811_Arduino_Library-master/src/SparkFunCCS811.o
                0x000050c2                _ZN6CCS8116getCO2Ev
 .text._ZN8SPIClass5beginEv
                0x000050ca       0x6c src/libraries/SPI/src/SPI.o
                0x000050ca                _ZN8SPIClass5beginEv
 .text.twi_init
                0x00005136       0x3c src/libraries/Wire/src/utility/twi.o
                0x00005136                twi_init
 .text.twi_readFrom
                0x00005172       0x90 src/libraries/Wire/src/utility/twi.o
                0x00005172                twi_readFrom
 .text.twi_writeTo
                0x00005202       0xac src/libraries/Wire/src/utility/twi.o
                0x00005202                twi_writeTo
 .text.twi_transmit
                0x000052ae       0x50 src/libraries/Wire/src/utility/twi.o
                0x000052ae                twi_transmit
 .text.twi_attachSlaveRxEvent
                0x000052fe        0xa src/libraries/Wire/src/utility/twi.o
                0x000052fe                twi_attachSlaveRxEvent
 .text.twi_attachSlaveTxEvent
                0x00005308        0xa src/libraries/Wire/src/utility/twi.o
                0x00005308                twi_attachSlaveTxEvent
 .text.twi_stop
                0x00005312       0x14 src/libraries/Wire/src/utility/twi.o
                0x00005312                twi_stop
 .text.twi_releaseBus
                0x00005326        0xc src/libraries/Wire/src/utility/twi.o
                0x00005326                twi_releaseBus
 .text.__vector_24
                0x00005332      0x25a src/libraries/Wire/src/utility/twi.o
                0x00005332                __vector_24
 .text._ZN7TwoWire9availableEv
                0x0000558c       0x10 src/libraries/Wire/src/Wire.o
                0x0000558c                _ZN7TwoWire9availableEv
 .text._ZN7TwoWire4readEv
                0x0000559c       0x28 src/libraries/Wire/src/Wire.o
                0x0000559c                _ZN7TwoWire4readEv
 .text._ZN7TwoWire4peekEv
                0x000055c4       0x1e src/libraries/Wire/src/Wire.o
                0x000055c4                _ZN7TwoWire4peekEv
 .text._ZN7TwoWire5flushEv
                0x000055e2        0x2 src/libraries/Wire/src/Wire.o
                0x000055e2                _ZN7TwoWire5flushEv
 .text._ZN7TwoWire16onReceiveServiceEPhi
                0x000055e4       0x54 src/libraries/Wire/src/Wire.o
                0x000055e4                _ZN7TwoWire16onReceiveServiceEPhi
 .text._ZN7TwoWire16onRequestServiceEv
                0x00005638       0x18 src/libraries/Wire/src/Wire.o
                0x00005638                _ZN7TwoWire16onRequestServiceEv
 .text._ZN7TwoWire5writeEPKhj
                0x00005650       0x5a src/libraries/Wire/src/Wire.o
                0x00005650                _ZN7TwoWire5writeEPKhj
 .text._ZN7TwoWire5writeEh
                0x000056aa       0x5e src/libraries/Wire/src/Wire.o
                0x000056aa                _ZN7TwoWire5writeEh
 .text._ZN7TwoWireC2Ev
                0x00005708       0x20 src/libraries/Wire/src/Wire.o
                0x00005708                _ZN7TwoWireC1Ev
                0x00005708                _ZN7TwoWireC2Ev
 .text._ZN7TwoWire5beginEv
                0x00005728       0x24 src/libraries/Wire/src/Wire.o
                0x00005728                _ZN7TwoWire5beginEv
 .text._ZN7TwoWire17beginTransmissionEh
                0x0000574c       0x14 src/libraries/Wire/src/Wire.o
                0x0000574c                _ZN7TwoWire17beginTransmissionEh
 .text._ZN7TwoWire15endTransmissionEh
                0x00005760       0x26 src/libraries/Wire/src/Wire.o
                0x00005760                _ZN7TwoWire15endTransmissionEh
 .text._ZN7TwoWire11requestFromEhhmhh
                0x00005786       0xa8 src/libraries/Wire/src/Wire.o
                0x00005786                _ZN7TwoWire11requestFromEhhmhh
 .text._ZN7TwoWire11requestFromEhhh
                0x0000582e       0x20 src/libraries/Wire/src/Wire.o
                0x0000582e                _ZN7TwoWire11requestFromEhhh
 .text._ZN7TwoWire11requestFromEhh
                0x0000584e        0x6 src/libraries/Wire/src/Wire.o
                0x0000584e                _ZN7TwoWire11requestFromEhh
 .text._ZN7TwoWire15endTransmissionEv
                0x00005854        0x6 src/libraries/Wire/src/Wire.o
                0x00005854                _ZN7TwoWire15endTransmissionEv
 .text.startup._GLOBAL__sub_I__ZN7TwoWire8rxBufferE
                0x0000585a        0x8 src/libraries/Wire/src/Wire.o
 .text.avr-libc.fplib
                0x00005862        0xe c:/program files (x86)/atmel/studio/7.0/toolchain/avr8/avr8-gnu-toolchain/bin/../lib/gcc/avr/5.4.0/../../../../avr/lib/avr5\libm.a(addsf3.o)
                0x00005862                __subsf3
                0x00005864                __addsf3
 .text.avr-libc.fplib
                0x00005870       0xcc c:/program files (x86)/atmel/studio/7.0/toolchain/avr8/avr8-gnu-toolchain/bin/../lib/gcc/avr/5.4.0/../../../../avr/lib/avr5\libm.a(addsf3x.o)
                0x00005892                __addsf3x
 .text.avr-libc.fplib
                0x0000593c        0xa c:/program files (x86)/atmel/studio/7.0/toolchain/avr8/avr8-gnu-toolchain/bin/../lib/gcc/avr/5.4.0/../../../../avr/lib/avr5\libm.a(cmpsf2.o)
                0x0000593c                __nesf2
                0x0000593c                __eqsf2
                0x0000593c                __cmpsf2
                0x0000593c                __ltsf2
                0x0000593c                __lesf2
 .text.avr-libc.fplib
                0x00005946       0x5e c:/program files (x86)/atmel/studio/7.0/toolchain/avr8/avr8-gnu-toolchain/bin/../lib/gcc/avr/5.4.0/../../../../avr/lib/avr5\libm.a(fixunssfsi.o)
                0x00005946                __fixunssfsi
 .text.avr-libc.fplib
                0x000059a4       0x7a c:/program files (x86)/atmel/studio/7.0/toolchain/avr8/avr8-gnu-toolchain/bin/../lib/gcc/avr/5.4.0/../../../../avr/lib/avr5\libm.a(floatsisf.o)
                0x000059a4                __floatunsisf
                0x000059a8                __floatsisf
 .text.avr-libc.fplib
                0x00005a1e       0x48 c:/program files (x86)/atmel/studio/7.0/toolchain/avr8/avr8-gnu-toolchain/bin/../lib/gcc/avr/5.4.0/../../../../avr/lib/avr5\libm.a(fp_cmp.o)
                0x00005a1e                __fp_cmp
 .text.avr-libc.fplib
                0x00005a66        0xc c:/program files (x86)/atmel/studio/7.0/toolchain/avr8/avr8-gnu-toolchain/bin/../lib/gcc/avr/5.4.0/../../../../avr/lib/avr5\libm.a(fp_inf.o)
                0x00005a66                __fp_inf
 .text.avr-libc.fplib
                0x00005a72        0x6 c:/program files (x86)/atmel/studio/7.0/toolchain/avr8/avr8-gnu-toolchain/bin/../lib/gcc/avr/5.4.0/../../../../avr/lib/avr5\libm.a(fp_nan.o)
                0x00005a72                __fp_nan
 .text.avr-libc.fplib
                0x00005a78        0xe c:/program files (x86)/atmel/studio/7.0/toolchain/avr8/avr8-gnu-toolchain/bin/../lib/gcc/avr/5.4.0/../../../../avr/lib/avr5\libm.a(fp_pscA.o)
                0x00005a78                __fp_pscA
 .text.avr-libc.fplib
                0x00005a86        0xe c:/program files (x86)/atmel/studio/7.0/toolchain/avr8/avr8-gnu-toolchain/bin/../lib/gcc/avr/5.4.0/../../../../avr/lib/avr5\libm.a(fp_pscB.o)
                0x00005a86                __fp_pscB
 .text.avr-libc.fplib
                0x00005a94       0x22 c:/program files (x86)/atmel/studio/7.0/toolchain/avr8/avr8-gnu-toolchain/bin/../lib/gcc/avr/5.4.0/../../../../avr/lib/avr5\libm.a(fp_round.o)
                0x00005a94                __fp_round
 .text.avr-libc.fplib
                0x00005ab6       0x44 c:/program files (x86)/atmel/studio/7.0/toolchain/avr8/avr8-gnu-toolchain/bin/../lib/gcc/avr/5.4.0/../../../../avr/lib/avr5\libm.a(fp_split3.o)
                0x00005ab6                __fp_split3
                0x00005ac6                __fp_splitA
 .text.avr-libc.fplib
                0x00005afa        0xe c:/program files (x86)/atmel/studio/7.0/toolchain/avr8/avr8-gnu-toolchain/bin/../lib/gcc/avr/5.4.0/../../../../avr/lib/avr5\libm.a(fp_zero.o)
                0x00005afa                __fp_zero
                0x00005afc                __fp_szero
 .text.avr-libc.fplib
                0x00005b08        0xa c:/program files (x86)/atmel/studio/7.0/toolchain/avr8/avr8-gnu-toolchain/bin/../lib/gcc/avr/5.4.0/../../../../avr/lib/avr5\libm.a(gesf2.o)
                0x00005b08                __gesf2
                0x00005b08                __gtsf2
 .text.avr-libc.fplib
                0x00005b12        0x8 c:/program files (x86)/atmel/studio/7.0/toolchain/avr8/avr8-gnu-toolchain/bin/../lib/gcc/avr/5.4.0/../../../../avr/lib/avr5\libm.a(mulsf3.o)
                0x00005b12                __mulsf3
 .text.avr-libc.fplib
                0x00005b1a       0xd2 c:/program files (x86)/atmel/studio/7.0/toolchain/avr8/avr8-gnu-toolchain/bin/../lib/gcc/avr/5.4.0/../../../../avr/lib/avr5\libm.a(mulsf3x.o)
                0x00005b38                __mulsf3x
                0x00005b3e                __mulsf3_pse
 .text._ZN14HardwareSerial9availableEv
                0x00005bec       0x18 C:\Lora\TTNABP~1\TTNABP~1\TTNABP~1\ARDUIN~1\Debug\libArduinoCore.a(HardwareSerial.o)
                0x00005bec                _ZN14HardwareSerial9availableEv
 .text._ZN14HardwareSerial4peekEv
                0x00005c04       0x1c C:\Lora\TTNABP~1\TTNABP~1\TTNABP~1\ARDUIN~1\Debug\libArduinoCore.a(HardwareSerial.o)
                0x00005c04                _ZN14HardwareSerial4peekEv
 .text._ZN14HardwareSerial4readEv
                0x00005c20       0x28 C:\Lora\TTNABP~1\TTNABP~1\TTNABP~1\ARDUIN~1\Debug\libArduinoCore.a(HardwareSerial.o)
                0x00005c20                _ZN14HardwareSerial4readEv
 .text._ZN14HardwareSerial17availableForWriteEv
                0x00005c48       0x1e C:\Lora\TTNABP~1\TTNABP~1\TTNABP~1\ARDUIN~1\Debug\libArduinoCore.a(HardwareSerial.o)
                0x00005c48                _ZN14HardwareSerial17availableForWriteEv
 .text._Z14serialEventRunv
                0x00005c66       0x1c C:\Lora\TTNABP~1\TTNABP~1\TTNABP~1\ARDUIN~1\Debug\libArduinoCore.a(HardwareSerial.o)
                0x00005c66                _Z14serialEventRunv
 .text._ZN14HardwareSerial17_tx_udr_empty_irqEv
                0x00005c82       0x44 C:\Lora\TTNABP~1\TTNABP~1\TTNABP~1\ARDUIN~1\Debug\libArduinoCore.a(HardwareSerial.o)
                0x00005c82                _ZN14HardwareSerial17_tx_udr_empty_irqEv
 .text._ZN14HardwareSerial5writeEh
                0x00005cc6       0x9a C:\Lora\TTNABP~1\TTNABP~1\TTNABP~1\ARDUIN~1\Debug\libArduinoCore.a(HardwareSerial.o)
                0x00005cc6                _ZN14HardwareSerial5writeEh
 .text._ZN14HardwareSerial5flushEv
                0x00005d60       0x44 C:\Lora\TTNABP~1\TTNABP~1\TTNABP~1\ARDUIN~1\Debug\libArduinoCore.a(HardwareSerial.o)
                0x00005d60                _ZN14HardwareSerial5flushEv
 .text._ZN14HardwareSerial5beginEmh
                0x00005da4       0xc0 C:\Lora\TTNABP~1\TTNABP~1\TTNABP~1\ARDUIN~1\Debug\libArduinoCore.a(HardwareSerial.o)
                0x00005da4                _ZN14HardwareSerial5beginEmh
 .text.__vector_18
                0x00005e64       0x64 C:\Lora\TTNABP~1\TTNABP~1\TTNABP~1\ARDUIN~1\Debug\libArduinoCore.a(HardwareSerial0.o)
                0x00005e64                __vector_18
 .text.__vector_19
                0x00005ec8       0x4c C:\Lora\TTNABP~1\TTNABP~1\TTNABP~1\ARDUIN~1\Debug\libArduinoCore.a(HardwareSerial0.o)
                0x00005ec8                __vector_19
 .text._Z17Serial0_availablev
                0x00005f14       0x14 C:\Lora\TTNABP~1\TTNABP~1\TTNABP~1\ARDUIN~1\Debug\libArduinoCore.a(HardwareSerial0.o)
                0x00005f14                _Z17Serial0_availablev
 .text.startup._GLOBAL__sub_I___vector_18
                0x00005f28       0x5a C:\Lora\TTNABP~1\TTNABP~1\TTNABP~1\ARDUIN~1\Debug\libArduinoCore.a(HardwareSerial0.o)
 .text.initVariant
                0x00005f82        0x2 C:\Lora\TTNABP~1\TTNABP~1\TTNABP~1\ARDUIN~1\Debug\libArduinoCore.a(main.o)
                0x00005f82                initVariant
 .text.startup.main
                0x00005f84       0x1e C:\Lora\TTNABP~1\TTNABP~1\TTNABP~1\ARDUIN~1\Debug\libArduinoCore.a(main.o)
                0x00005f84                main
 .text._ZN5Print5writeEPKhj
                0x00005fa2       0x54 C:\Lora\TTNABP~1\TTNABP~1\TTNABP~1\ARDUIN~1\Debug\libArduinoCore.a(Print.o)
                0x00005fa2                _ZN5Print5writeEPKhj
 .text._ZN5Print5writeEPKc
                0x00005ff6       0x2a C:\Lora\TTNABP~1\TTNABP~1\TTNABP~1\ARDUIN~1\Debug\libArduinoCore.a(Print.o)
                0x00005ff6                _ZN5Print5writeEPKc
 .text._ZN5Print5printEPK19__FlashStringHelper
                0x00006020       0x48 C:\Lora\TTNABP~1\TTNABP~1\TTNABP~1\ARDUIN~1\Debug\libArduinoCore.a(Print.o)
                0x00006020                _ZN5Print5printEPK19__FlashStringHelper
 .text._ZN5Print5printERK6String
                0x00006068       0x1c C:\Lora\TTNABP~1\TTNABP~1\TTNABP~1\ARDUIN~1\Debug\libArduinoCore.a(Print.o)
                0x00006068                _ZN5Print5printERK6String
 .text._ZN5Print5printEPKc
                0x00006084        0x4 C:\Lora\TTNABP~1\TTNABP~1\TTNABP~1\ARDUIN~1\Debug\libArduinoCore.a(Print.o)
                0x00006084                _ZN5Print5printEPKc
 .text._ZN5Print5printEc
                0x00006088        0xe C:\Lora\TTNABP~1\TTNABP~1\TTNABP~1\ARDUIN~1\Debug\libArduinoCore.a(Print.o)
                0x00006088                _ZN5Print5printEc
 .text._ZN5Print7printlnEv
                0x00006096        0x8 C:\Lora\TTNABP~1\TTNABP~1\TTNABP~1\ARDUIN~1\Debug\libArduinoCore.a(Print.o)
                0x00006096                _ZN5Print7printlnEv
 .text._ZN5Print7printlnEPK19__FlashStringHelper
                0x0000609e       0x24 C:\Lora\TTNABP~1\TTNABP~1\TTNABP~1\ARDUIN~1\Debug\libArduinoCore.a(Print.o)
                0x0000609e                _ZN5Print7printlnEPK19__FlashStringHelper
 .text._ZN5Print7printlnERK6String
                0x000060c2       0x24 C:\Lora\TTNABP~1\TTNABP~1\TTNABP~1\ARDUIN~1\Debug\libArduinoCore.a(Print.o)
                0x000060c2                _ZN5Print7printlnERK6String
 .text._ZN5Print7printlnEPKc
                0x000060e6       0x24 C:\Lora\TTNABP~1\TTNABP~1\TTNABP~1\ARDUIN~1\Debug\libArduinoCore.a(Print.o)
                0x000060e6                _ZN5Print7printlnEPKc
 .text._ZN5Print11printNumberEmh
                0x0000610a       0x92 C:\Lora\TTNABP~1\TTNABP~1\TTNABP~1\ARDUIN~1\Debug\libArduinoCore.a(Print.o)
                0x0000610a                _ZN5Print11printNumberEmh
 .text._ZN5Print5printEmi
                0x0000619c       0x1a C:\Lora\TTNABP~1\TTNABP~1\TTNABP~1\ARDUIN~1\Debug\libArduinoCore.a(Print.o)
                0x0000619c                _ZN5Print5printEmi
 .text._ZN5Print5printEhi
                0x000061b6        0xe C:\Lora\TTNABP~1\TTNABP~1\TTNABP~1\ARDUIN~1\Debug\libArduinoCore.a(Print.o)
                0x000061b6                _ZN5Print5printEhi
 .text._ZN5Print7printlnEhi
                0x000061c4       0x24 C:\Lora\TTNABP~1\TTNABP~1\TTNABP~1\ARDUIN~1\Debug\libArduinoCore.a(Print.o)
                0x000061c4                _ZN5Print7printlnEhi
 .text._ZN5Print5printEji
                0x000061e8        0xc C:\Lora\TTNABP~1\TTNABP~1\TTNABP~1\ARDUIN~1\Debug\libArduinoCore.a(Print.o)
                0x000061e8                _ZN5Print5printEji
 .text._ZN5Print7printlnEji
                0x000061f4       0x24 C:\Lora\TTNABP~1\TTNABP~1\TTNABP~1\ARDUIN~1\Debug\libArduinoCore.a(Print.o)
                0x000061f4                _ZN5Print7printlnEji
 .text._ZN5Print5printEli
                0x00006218       0x90 C:\Lora\TTNABP~1\TTNABP~1\TTNABP~1\ARDUIN~1\Debug\libArduinoCore.a(Print.o)
                0x00006218                _ZN5Print5printEli
 .text.__vector_16
                0x000062a8       0x94 C:\Lora\TTNABP~1\TTNABP~1\TTNABP~1\ARDUIN~1\Debug\libArduinoCore.a(wiring.o)
                0x000062a8                __vector_16
 .text.micros   0x0000633c       0x4a C:\Lora\TTNABP~1\TTNABP~1\TTNABP~1\ARDUIN~1\Debug\libArduinoCore.a(wiring.o)
                0x0000633c                micros
 .text.delay    0x00006386       0x78 C:\Lora\TTNABP~1\TTNABP~1\TTNABP~1\ARDUIN~1\Debug\libArduinoCore.a(wiring.o)
                0x00006386                delay
 .text.delayMicroseconds
                0x000063fe       0x12 C:\Lora\TTNABP~1\TTNABP~1\TTNABP~1\ARDUIN~1\Debug\libArduinoCore.a(wiring.o)
                0x000063fe                delayMicroseconds
 .text.init     0x00006410       0x76 C:\Lora\TTNABP~1\TTNABP~1\TTNABP~1\ARDUIN~1\Debug\libArduinoCore.a(wiring.o)
                0x00006410                init
 .text.turnOffPWM
                0x00006486       0x52 C:\Lora\TTNABP~1\TTNABP~1\TTNABP~1\ARDUIN~1\Debug\libArduinoCore.a(wiring_digital.o)
 .text.pinMode  0x000064d8       0x78 C:\Lora\TTNABP~1\TTNABP~1\TTNABP~1\ARDUIN~1\Debug\libArduinoCore.a(wiring_digital.o)
                0x000064d8                pinMode
 .text.digitalWrite
                0x00006550       0x5e C:\Lora\TTNABP~1\TTNABP~1\TTNABP~1\ARDUIN~1\Debug\libArduinoCore.a(wiring_digital.o)
                0x00006550                digitalWrite
 .text.digitalRead
                0x000065ae       0x52 C:\Lora\TTNABP~1\TTNABP~1\TTNABP~1\ARDUIN~1\Debug\libArduinoCore.a(wiring_digital.o)
                0x000065ae                digitalRead
 .text._ZN6StringD2Ev
                0x00006600       0x10 C:\Lora\TTNABP~1\TTNABP~1\TTNABP~1\ARDUIN~1\Debug\libArduinoCore.a(WString.o)
                0x00006600                _ZN6StringD2Ev
                0x00006600                _ZN6StringD1Ev
 .text._ZN6String10invalidateEv
                0x00006610       0x24 C:\Lora\TTNABP~1\TTNABP~1\TTNABP~1\ARDUIN~1\Debug\libArduinoCore.a(WString.o)
                0x00006610                _ZN6String10invalidateEv
 .text._ZN6String12changeBufferEj
                0x00006634       0x34 C:\Lora\TTNABP~1\TTNABP~1\TTNABP~1\ARDUIN~1\Debug\libArduinoCore.a(WString.o)
                0x00006634                _ZN6String12changeBufferEj
 .text._ZN6String7reserveEj
                0x00006668       0x38 C:\Lora\TTNABP~1\TTNABP~1\TTNABP~1\ARDUIN~1\Debug\libArduinoCore.a(WString.o)
                0x00006668                _ZN6String7reserveEj
 .text._ZN6String4copyEPKcj
                0x000066a0       0x42 C:\Lora\TTNABP~1\TTNABP~1\TTNABP~1\ARDUIN~1\Debug\libArduinoCore.a(WString.o)
                0x000066a0                _ZN6String4copyEPKcj
 .text._ZN6StringC2EPKc
                0x000066e2       0x2a C:\Lora\TTNABP~1\TTNABP~1\TTNABP~1\ARDUIN~1\Debug\libArduinoCore.a(WString.o)
                0x000066e2                _ZN6StringC2EPKc
                0x000066e2                _ZN6StringC1EPKc
 .text._ZN6StringaSERKS_
                0x0000670c       0x2e C:\Lora\TTNABP~1\TTNABP~1\TTNABP~1\ARDUIN~1\Debug\libArduinoCore.a(WString.o)
                0x0000670c                _ZN6StringaSERKS_
 .text._ZN6StringC2ERKS_
                0x0000673a       0x12 C:\Lora\TTNABP~1\TTNABP~1\TTNABP~1\ARDUIN~1\Debug\libArduinoCore.a(WString.o)
                0x0000673a                _ZN6StringC2ERKS_
                0x0000673a                _ZN6StringC1ERKS_
 .text._ZN6StringaSEPKc
                0x0000674c       0x2e C:\Lora\TTNABP~1\TTNABP~1\TTNABP~1\ARDUIN~1\Debug\libArduinoCore.a(WString.o)
                0x0000674c                _ZN6StringaSEPKc
 .text._ZN6StringC2Ehh
                0x0000677a       0x5a C:\Lora\TTNABP~1\TTNABP~1\TTNABP~1\ARDUIN~1\Debug\libArduinoCore.a(WString.o)
                0x0000677a                _ZN6StringC2Ehh
                0x0000677a                _ZN6StringC1Ehh
 .text._ZN6StringC2Efh
                0x000067d4       0x60 C:\Lora\TTNABP~1\TTNABP~1\TTNABP~1\ARDUIN~1\Debug\libArduinoCore.a(WString.o)
                0x000067d4                _ZN6StringC2Efh
                0x000067d4                _ZN6StringC1Efh
 .text._ZN6String6concatEPKcj
                0x00006834       0x5c C:\Lora\TTNABP~1\TTNABP~1\TTNABP~1\ARDUIN~1\Debug\libArduinoCore.a(WString.o)
                0x00006834                _ZN6String6concatEPKcj
 .text._ZplRK15StringSumHelperRK6String
                0x00006890       0x26 C:\Lora\TTNABP~1\TTNABP~1\TTNABP~1\ARDUIN~1\Debug\libArduinoCore.a(WString.o)
                0x00006890                _ZplRK15StringSumHelperRK6String
 .text._ZplRK15StringSumHelperPKc
                0x000068b6       0x32 C:\Lora\TTNABP~1\TTNABP~1\TTNABP~1\ARDUIN~1\Debug\libArduinoCore.a(WString.o)
                0x000068b6                _ZplRK15StringSumHelperPKc
 .text._ZNK6String9substringEjj
                0x000068e8       0x8a C:\Lora\TTNABP~1\TTNABP~1\TTNABP~1\ARDUIN~1\Debug\libArduinoCore.a(WString.o)
                0x000068e8                _ZNK6String9substringEjj
 .text._ZNK6String5toIntEv
                0x00006972       0x16 C:\Lora\TTNABP~1\TTNABP~1\TTNABP~1\ARDUIN~1\Debug\libArduinoCore.a(WString.o)
                0x00006972                _ZNK6String5toIntEv
 .text.__empty  0x00006988        0x2 C:\Lora\TTNABP~1\TTNABP~1\TTNABP~1\ARDUIN~1\Debug\libArduinoCore.a(hooks.o)
                0x00006988                yield
 .text.libgcc.div
                0x0000698a       0x18 c:/program files (x86)/atmel/studio/7.0/toolchain/avr8/avr8-gnu-toolchain/bin/../lib/gcc/avr/5.4.0/avr5\libgcc.a(_udivmodqi4.o)
                0x0000698a                __udivmodqi4
 .text.libgcc.div
                0x000069a2       0x28 c:/program files (x86)/atmel/studio/7.0/toolchain/avr8/avr8-gnu-toolchain/bin/../lib/gcc/avr/5.4.0/avr5\libgcc.a(_divmodhi4.o)
                0x000069a2                _div
                0x000069a2                __divmodhi4
 .text.libgcc.div
                0x000069ca       0x44 c:/program files (x86)/atmel/studio/7.0/toolchain/avr8/avr8-gnu-toolchain/bin/../lib/gcc/avr/5.4.0/avr5\libgcc.a(_udivmodsi4.o)
                0x000069ca                __udivmodsi4
 .text.libgcc.div
                0x00006a0e       0x2e c:/program files (x86)/atmel/studio/7.0/toolchain/avr8/avr8-gnu-toolchain/bin/../lib/gcc/avr/5.4.0/avr5\libgcc.a(_divmodsi4.o)
                0x00006a0e                __divmodsi4
 .text.libgcc.div
                0x00006a3c       0x10 c:/program files (x86)/atmel/studio/7.0/toolchain/avr8/avr8-gnu-toolchain/bin/../lib/gcc/avr/5.4.0/avr5\libgcc.a(_negsi2.o)
                0x00006a3c                __negsi2
 .text.libgcc   0x00006a4c        0xc c:/program files (x86)/atmel/studio/7.0/toolchain/avr8/avr8-gnu-toolchain/bin/../lib/gcc/avr/5.4.0/avr5\libgcc.a(_tablejump2.o)
                0x00006a4c                __tablejump2__
 .text.libgcc.builtins
                0x00006a58        0xe c:/program files (x86)/atmel/studio/7.0/toolchain/avr8/avr8-gnu-toolchain/bin/../lib/gcc/avr/5.4.0/avr5\libgcc.a(_bswapsi2.o)
                0x00006a58                __bswapsi2
 .text.libgcc.mul
                0x00006a66       0x1e c:/program files (x86)/atmel/studio/7.0/toolchain/avr8/avr8-gnu-toolchain/bin/../lib/gcc/avr/5.4.0/avr5\libgcc.a(_umulhisi3.o)
                0x00006a66                __umulhisi3
 .text.libgcc.mul
                0x00006a84        0xe c:/program files (x86)/atmel/studio/7.0/toolchain/avr8/avr8-gnu-toolchain/bin/../lib/gcc/avr/5.4.0/avr5\libgcc.a(_usmulhisi3.o)
                0x00006a84                __usmulhisi3
                0x00006a88                __usmulhisi3_tail
 .text.libgcc.mul
                0x00006a92       0x16 c:/program files (x86)/atmel/studio/7.0/toolchain/avr8/avr8-gnu-toolchain/bin/../lib/gcc/avr/5.4.0/avr5\libgcc.a(_muluhisi3.o)
                0x00006a92                __muluhisi3
 .text.libgcc.mul
                0x00006aa8       0x10 c:/program files (x86)/atmel/studio/7.0/toolchain/avr8/avr8-gnu-toolchain/bin/../lib/gcc/avr/5.4.0/avr5\libgcc.a(_mulshisi3.o)
                0x00006aa8                __mulshisi3
                0x00006aae                __mulohisi3
 .text.libgcc.mul
                0x00006ab8       0x1e c:/program files (x86)/atmel/studio/7.0/toolchain/avr8/avr8-gnu-toolchain/bin/../lib/gcc/avr/5.4.0/avr5\libgcc.a(_mulsidi3.o)
                0x00006ab8                __mulsidi3
 .text.libgcc.mul
                0x00006ad6       0x56 c:/program files (x86)/atmel/studio/7.0/toolchain/avr8/avr8-gnu-toolchain/bin/../lib/gcc/avr/5.4.0/avr5\libgcc.a(_umulsidi3.o)
                0x00006ad6                __umulsidi3
                0x00006ad8                __umulsidi3_helper
 .text.libgcc.div
                0x00006b2c       0x62 c:/program files (x86)/atmel/studio/7.0/toolchain/avr8/avr8-gnu-toolchain/bin/../lib/gcc/avr/5.4.0/avr5\libgcc.a(_divdi3.o)
                0x00006b2c                __moddi3
                0x00006b30                __divdi3
                0x00006b32                __divdi3_moddi3
 .text.libgcc.div
                0x00006b8e       0x1c c:/program files (x86)/atmel/studio/7.0/toolchain/avr8/avr8-gnu-toolchain/bin/../lib/gcc/avr/5.4.0/avr5\libgcc.a(_udivdi3.o)
                0x00006b8e                __umoddi3
                0x00006b92                __udivdi3
                0x00006b94                __udivdi3_umoddi3
 .text.libgcc.div
                0x00006baa       0xa2 c:/program files (x86)/atmel/studio/7.0/toolchain/avr8/avr8-gnu-toolchain/bin/../lib/gcc/avr/5.4.0/avr5\libgcc.a(_udivmod64.o)
                0x00006baa                __udivmod64
 .text.libgcc   0x00006c4c       0x20 c:/program files (x86)/atmel/studio/7.0/toolchain/avr8/avr8-gnu-toolchain/bin/../lib/gcc/avr/5.4.0/avr5\libgcc.a(_negdi2.o)
                0x00006c4c                __negdi2
 .text.libgcc.prologue
                0x00006c6c       0x38 c:/program files (x86)/atmel/studio/7.0/toolchain/avr8/avr8-gnu-toolchain/bin/../lib/gcc/avr/5.4.0/avr5\libgcc.a(_prologue.o)
                0x00006c6c                __prologue_saves__
 .text.libgcc.prologue
                0x00006ca4       0x36 c:/program files (x86)/atmel/studio/7.0/toolchain/avr8/avr8-gnu-toolchain/bin/../lib/gcc/avr/5.4.0/avr5\libgcc.a(_epilogue.o)
                0x00006ca4                __epilogue_restores__
 .text.libgcc.builtins
                0x00006cda       0x32 c:/program files (x86)/atmel/studio/7.0/toolchain/avr8/avr8-gnu-toolchain/bin/../lib/gcc/avr/5.4.0/avr5\libgcc.a(_ashldi3.o)
                0x00006cda                __ashldi3
 .text.libgcc.builtins
                0x00006d0c       0x3c c:/program files (x86)/atmel/studio/7.0/toolchain/avr8/avr8-gnu-toolchain/bin/../lib/gcc/avr/5.4.0/avr5\libgcc.a(_ashrdi3.o)
                0x00006d0c                __ashrdi3
                0x00006d10                __lshrdi3
 .text.libgcc   0x00006d48       0x18 c:/program files (x86)/atmel/studio/7.0/toolchain/avr8/avr8-gnu-toolchain/bin/../lib/gcc/avr/5.4.0/avr5\libgcc.a(_cmpdi2_s8.o)
                0x00006d48                __cmpdi2_s8
 .text.libgcc.div
                0x00006d60       0x28 c:/program files (x86)/atmel/studio/7.0/toolchain/avr8/avr8-gnu-toolchain/bin/../lib/gcc/avr/5.4.0/avr5\libgcc.a(_udivmodhi4.o)
                0x00006d60                __udivmodhi4
 .text.libgcc.mul
                0x00006d88       0x12 c:/program files (x86)/atmel/studio/7.0/toolchain/avr8/avr8-gnu-toolchain/bin/../lib/gcc/avr/5.4.0/avr5\libgcc.a(_muldi3_6.o)
                0x00006d88                __muldi3_6
 .text.avr-libc
                0x00006d9a       0x40 c:/program files (x86)/atmel/studio/7.0/toolchain/avr8/avr8-gnu-toolchain/bin/../lib/gcc/avr/5.4.0/../../../../avr/lib/avr5\libc.a(dtostrf.o)
                0x00006d9a                dtostrf
 .text.avr-libc
                0x00006dda      0x242 c:/program files (x86)/atmel/studio/7.0/toolchain/avr8/avr8-gnu-toolchain/bin/../lib/gcc/avr/5.4.0/../../../../avr/lib/avr5\libc.a(malloc.o)
                0x00006dda                malloc
                0x00006f0a                free
 .text.avr-libc
                0x0000701c      0x18c c:/program files (x86)/atmel/studio/7.0/toolchain/avr8/avr8-gnu-toolchain/bin/../lib/gcc/avr/5.4.0/../../../../avr/lib/avr5\libc.a(realloc.o)
                0x0000701c                realloc
 .text.avr-libc
                0x000071a8       0x4e c:/program files (x86)/atmel/studio/7.0/toolchain/avr8/avr8-gnu-toolchain/bin/../lib/gcc/avr/5.4.0/../../../../avr/lib/avr5\libc.a(atol.o)
                0x000071a8                atol
 .text.avr-libc
                0x000071f6       0x12 c:/program files (x86)/atmel/studio/7.0/toolchain/avr8/avr8-gnu-toolchain/bin/../lib/gcc/avr/5.4.0/../../../../avr/lib/avr5\libc.a(memcpy_P.o)
                0x000071f6                memcpy_P
 .text.avr-libc
                0x00007208       0x12 c:/program files (x86)/atmel/studio/7.0/toolchain/avr8/avr8-gnu-toolchain/bin/../lib/gcc/avr/5.4.0/../../../../avr/lib/avr5\libc.a(memcpy.o)
                0x00007208                memcpy
 .text.avr-libc
                0x0000721a        0xe c:/program files (x86)/atmel/studio/7.0/toolchain/avr8/avr8-gnu-toolchain/bin/../lib/gcc/avr/5.4.0/../../../../avr/lib/avr5\libc.a(strcpy.o)
                0x0000721a                strcpy
 .text.avr-libc
                0x00007228       0x2a c:/program files (x86)/atmel/studio/7.0/toolchain/avr8/avr8-gnu-toolchain/bin/../lib/gcc/avr/5.4.0/../../../../avr/lib/avr5\libc.a(mulsi10.o)
                0x00007228                __mulsi_const_10
 .text.avr-libc
                0x00007252       0x16 c:/program files (x86)/atmel/studio/7.0/toolchain/avr8/avr8-gnu-toolchain/bin/../lib/gcc/avr/5.4.0/../../../../avr/lib/avr5\libc.a(utoa.o)
                0x00007252                __utoa
                0x00007252                utoa
 .text.avr-libc
                0x00007268       0x34 c:/program files (x86)/atmel/studio/7.0/toolchain/avr8/avr8-gnu-toolchain/bin/../lib/gcc/avr/5.4.0/../../../../avr/lib/avr5\libc.a(utoa_ncheck.o)
                0x00007268                __utoa_ncheck
                0x0000726a                __utoa_common
 .text.avr-libc
                0x0000729c      0x2b4 c:/program files (x86)/atmel/studio/7.0/toolchain/avr8/avr8-gnu-toolchain/bin/../lib/gcc/avr/5.4.0/../../../../avr/lib/avr5\libc.a(dtoa_prf.o)
                0x0000729c                dtoa_prf
 .text.avr-libc
                0x00007550      0x1b0 c:/program files (x86)/atmel/studio/7.0/toolchain/avr8/avr8-gnu-toolchain/bin/../lib/gcc/avr/5.4.0/../../../../avr/lib/avr5\libc.a(ftoa_engine.o)
                0x00007550                __ftoa_engine
 .text.avr-libc
                0x00007700       0x20 c:/program files (x86)/atmel/studio/7.0/toolchain/avr8/avr8-gnu-toolchain/bin/../lib/gcc/avr/5.4.0/../../../../avr/lib/avr5\libc.a(strrev.o)
                0x00007700                strrev
                0x00007720                . = ALIGN (0x2)
 *(.fini9)
 .fini9         0x00007720        0x0 c:/program files (x86)/atmel/studio/7.0/toolchain/avr8/avr8-gnu-toolchain/bin/../lib/gcc/avr/5.4.0/avr5\libgcc.a(_exit.o)
                0x00007720                _exit
                0x00007720                exit
 *(.fini9)
 *(.fini8)
 *(.fini8)
 *(.fini7)
 *(.fini7)
 *(.fini6)
 *(.fini6)
 *(.fini5)
 *(.fini5)
 *(.fini4)
 *(.fini4)
 *(.fini3)
 *(.fini3)
 *(.fini2)
 *(.fini2)
 *(.fini1)
 *(.fini1)
 *(.fini0)
 .fini0         0x00007720        0x4 c:/program files (x86)/atmel/studio/7.0/toolchain/avr8/avr8-gnu-toolchain/bin/../lib/gcc/avr/5.4.0/avr5\libgcc.a(_exit.o)
 *(.fini0)
                0x00007724                _etext = .

.data           0x00800100      0x176 load address 0x00007724
                0x00800100                PROVIDE (__data_start, .)
 *(.data)
 .data          0x00800100        0x6 c:/program files (x86)/atmel/studio/7.0/toolchain/avr8/avr8-gnu-toolchain/bin/../lib/gcc/avr/5.4.0/../../../../avr/lib/avr5\libc.a(malloc.o)
                0x00800100                __malloc_heap_end
                0x00800102                __malloc_heap_start
                0x00800104                __malloc_margin
 *(.data*)
 *(.gnu.linkonce.d*)
 *(.rodata)
 .rodata        0x00800106        0x4 src/libraries/SparkFun_CCS811_Arduino_Library-master/src/SparkFunCCS811.o
 *(.rodata*)
 .rodata.str1.1
                0x0080010a       0x89 Sketch.o
                                 0x8c (size before relaxing)
 .rodata.lmic_pins
                0x00800193        0x6 Sketch.o
                0x00800193                lmic_pins
 .rodata.str1.1
                0x00800199       0x3e src/libraries/arduino-lmic-master/src/hal/hal.o
 .rodata.str1.1
                0x008001d7       0x35 src/libraries/arduino-lmic-master/src/lmic/lmic.o
 .rodata.str1.1
                0x0080020c       0x36 src/libraries/arduino-lmic-master/src/lmic/radio.o
 .rodata._ZTV7TwoWire
                0x00800242       0x12 src/libraries/Wire/src/Wire.o
                0x00800242                _ZTV7TwoWire
 .rodata._ZTV14HardwareSerial
                0x00800254       0x12 C:\Lora\TTNABP~1\TTNABP~1\TTNABP~1\ARDUIN~1\Debug\libArduinoCore.a(HardwareSerial.o)
                0x00800254                _ZTV14HardwareSerial
 .rodata.str1.1
                0x00800266        0xf C:\Lora\TTNABP~1\TTNABP~1\TTNABP~1\ARDUIN~1\Debug\libArduinoCore.a(Print.o)
 .rodata.str1.1
                0x00800275        0xf C:\Lora\TTNABP~1\TTNABP~1\TTNABP~1\ARDUIN~1\Debug\libArduinoCore.a(WString.o)
                                  0x1 (size before relaxing)
 *(.gnu.linkonce.r*)
                0x00800284                . = ALIGN (0x2)
 *fill*         0x00800275        0x1 
                0x00800276                _edata = .
                0x00800276                PROVIDE (__data_end, .)

.bss            0x00800276      0x3d3
                0x00800276                PROVIDE (__bss_start, .)
 *(.bss)
 *(.bss*)
 .bss._ZL7sendjob
                0x00800276        0x8 Sketch.o
 .bss._ZL11bytesToSend
                0x0080027e        0x8 Sketch.o
 .bss.mySensor  0x00800286       0x17 Sketch.o
                0x00800286                mySensor
 .bss.DHT       0x0080029d        0xe Sketch.o
                0x0080029d                DHT
 .bss._ZL5State
                0x008002ab       0x10 src/libraries/arduino-lmic-master/src/aes/ideetron/AES-128_V10.o
 .bss._ZZ9hal_ticksE8overflow
                0x008002bb        0x1 src/libraries/arduino-lmic-master/src/hal/hal.o
 .bss._ZL8irqlevel
                0x008002bc        0x1 src/libraries/arduino-lmic-master/src/hal/hal.o
 .bss._ZL8settings
                0x008002bd        0x2 src/libraries/arduino-lmic-master/src/hal/hal.o
 .bss._ZL10dio_states
                0x008002bf        0x3 src/libraries/arduino-lmic-master/src/hal/hal.o
 .bss.OS        0x008002c2        0x4 src/libraries/arduino-lmic-master/src/lmic/oslmic.o
 .bss.randbuf   0x008002c6       0x10 src/libraries/arduino-lmic-master/src/lmic/radio.o
 .bss._ZN14SoftwareSerial20_receive_buffer_headE
                0x008002d6        0x1 src/libraries/SoftwareSerial/src/SoftwareSerial.o
                0x008002d6                _ZN14SoftwareSerial20_receive_buffer_headE
 .bss._ZN14SoftwareSerial20_receive_buffer_tailE
                0x008002d7        0x1 src/libraries/SoftwareSerial/src/SoftwareSerial.o
                0x008002d7                _ZN14SoftwareSerial20_receive_buffer_tailE
 .bss._ZN14SoftwareSerial15_receive_bufferE
                0x008002d8       0x40 src/libraries/SoftwareSerial/src/SoftwareSerial.o
                0x008002d8                _ZN14SoftwareSerial15_receive_bufferE
 .bss._ZN14SoftwareSerial13active_objectE
                0x00800318        0x2 src/libraries/SoftwareSerial/src/SoftwareSerial.o
                0x00800318                _ZN14SoftwareSerial13active_objectE
 .bss._ZN8SPIClass13interruptSaveE
                0x0080031a        0x1 src/libraries/SPI/src/SPI.o
                0x0080031a                _ZN8SPIClass13interruptSaveE
 .bss._ZN8SPIClass13interruptMaskE
                0x0080031b        0x1 src/libraries/SPI/src/SPI.o
                0x0080031b                _ZN8SPIClass13interruptMaskE
 .bss._ZN8SPIClass13interruptModeE
                0x0080031c        0x1 src/libraries/SPI/src/SPI.o
                0x0080031c                _ZN8SPIClass13interruptModeE
 .bss._ZN8SPIClass11initializedE
                0x0080031d        0x1 src/libraries/SPI/src/SPI.o
                0x0080031d                _ZN8SPIClass11initializedE
 .bss.twi_error
                0x0080031e        0x1 src/libraries/Wire/src/utility/twi.o
 .bss.twi_rxBufferIndex
                0x0080031f        0x1 src/libraries/Wire/src/utility/twi.o
 .bss.twi_rxBuffer
                0x00800320       0x20 src/libraries/Wire/src/utility/twi.o
 .bss.twi_txBufferLength
                0x00800340        0x1 src/libraries/Wire/src/utility/twi.o
 .bss.twi_txBufferIndex
                0x00800341        0x1 src/libraries/Wire/src/utility/twi.o
 .bss.twi_txBuffer
                0x00800342       0x20 src/libraries/Wire/src/utility/twi.o
 .bss.twi_masterBufferLength
                0x00800362        0x1 src/libraries/Wire/src/utility/twi.o
 .bss.twi_masterBufferIndex
                0x00800363        0x1 src/libraries/Wire/src/utility/twi.o
 .bss.twi_masterBuffer
                0x00800364       0x20 src/libraries/Wire/src/utility/twi.o
 .bss.twi_onSlaveReceive
                0x00800384        0x2 src/libraries/Wire/src/utility/twi.o
 .bss.twi_onSlaveTransmit
                0x00800386        0x2 src/libraries/Wire/src/utility/twi.o
 .bss.twi_inRepStart
                0x00800388        0x1 src/libraries/Wire/src/utility/twi.o
 .bss.twi_sendStop
                0x00800389        0x1 src/libraries/Wire/src/utility/twi.o
 .bss.twi_slarw
                0x0080038a        0x1 src/libraries/Wire/src/utility/twi.o
 .bss.twi_state
                0x0080038b        0x1 src/libraries/Wire/src/utility/twi.o
 .bss.Wire      0x0080038c        0xc src/libraries/Wire/src/Wire.o
                0x0080038c                Wire
 .bss._ZN7TwoWire14user_onReceiveE
                0x00800398        0x2 src/libraries/Wire/src/Wire.o
                0x00800398                _ZN7TwoWire14user_onReceiveE
 .bss._ZN7TwoWire14user_onRequestE
                0x0080039a        0x2 src/libraries/Wire/src/Wire.o
                0x0080039a                _ZN7TwoWire14user_onRequestE
 .bss._ZN7TwoWire12transmittingE
                0x0080039c        0x1 src/libraries/Wire/src/Wire.o
                0x0080039c                _ZN7TwoWire12transmittingE
 .bss._ZN7TwoWire14txBufferLengthE
                0x0080039d        0x1 src/libraries/Wire/src/Wire.o
                0x0080039d                _ZN7TwoWire14txBufferLengthE
 .bss._ZN7TwoWire13txBufferIndexE
                0x0080039e        0x1 src/libraries/Wire/src/Wire.o
                0x0080039e                _ZN7TwoWire13txBufferIndexE
 .bss._ZN7TwoWire8txBufferE
                0x0080039f       0x20 src/libraries/Wire/src/Wire.o
                0x0080039f                _ZN7TwoWire8txBufferE
 .bss._ZN7TwoWire9txAddressE
                0x008003bf        0x1 src/libraries/Wire/src/Wire.o
                0x008003bf                _ZN7TwoWire9txAddressE
 .bss._ZN7TwoWire14rxBufferLengthE
                0x008003c0        0x1 src/libraries/Wire/src/Wire.o
                0x008003c0                _ZN7TwoWire14rxBufferLengthE
 .bss._ZN7TwoWire13rxBufferIndexE
                0x008003c1        0x1 src/libraries/Wire/src/Wire.o
                0x008003c1                _ZN7TwoWire13rxBufferIndexE
 .bss._ZN7TwoWire8rxBufferE
                0x008003c2       0x20 src/libraries/Wire/src/Wire.o
                0x008003c2                _ZN7TwoWire8rxBufferE
 .bss.Serial    0x008003e2       0x9d C:\Lora\TTNABP~1\TTNABP~1\TTNABP~1\ARDUIN~1\Debug\libArduinoCore.a(HardwareSerial0.o)
                0x008003e2                Serial
 .bss.timer0_fract
                0x0080047f        0x1 C:\Lora\TTNABP~1\TTNABP~1\TTNABP~1\ARDUIN~1\Debug\libArduinoCore.a(wiring.o)
 .bss.timer0_millis
                0x00800480        0x4 C:\Lora\TTNABP~1\TTNABP~1\TTNABP~1\ARDUIN~1\Debug\libArduinoCore.a(wiring.o)
                0x00800480                timer0_millis
 .bss.timer0_overflow_count
                0x00800484        0x4 C:\Lora\TTNABP~1\TTNABP~1\TTNABP~1\ARDUIN~1\Debug\libArduinoCore.a(wiring.o)
                0x00800484                timer0_overflow_count
 *(COMMON)
 COMMON         0x00800488       0x20 src/libraries/arduino-lmic-master/src/aes/other.o
                0x00800488                AESKEY
                0x00800498                AESAUX
 COMMON         0x008004a8      0x19d src/libraries/arduino-lmic-master/src/lmic/lmic.o
                0x008004a8                LMIC
 COMMON         0x00800645        0x4 c:/program files (x86)/atmel/studio/7.0/toolchain/avr8/avr8-gnu-toolchain/bin/../lib/gcc/avr/5.4.0/../../../../avr/lib/avr5\libc.a(malloc.o)
                0x00800645                __brkval
                0x00800647                __flp
                0x00800649                PROVIDE (__bss_end, .)
                0x00007724                __data_load_start = LOADADDR (.data)
                0x0000789a                __data_load_end = (__data_load_start + SIZEOF (.data))

.noinit         0x00800649        0x0
                [!provide]                PROVIDE (__noinit_start, .)
 *(.noinit*)
                [!provide]                PROVIDE (__noinit_end, .)
                0x00800649                _end = .
                0x00800649                PROVIDE (__heap_start, .)

.eeprom         0x00810000        0x0
 *(.eeprom*)
                0x00810000                __eeprom_end = .

.fuse
 *(.fuse)
 *(.lfuse)
 *(.hfuse)
 *(.efuse)

.lock
 *(.lock*)

.signature
 *(.signature*)

.user_signatures
 *(.user_signatures*)

.stab
 *(.stab)

.stabstr
 *(.stabstr)

.stab.excl
 *(.stab.excl)

.stab.exclstr
 *(.stab.exclstr)

.stab.index
 *(.stab.index)

.stab.indexstr
 *(.stab.indexstr)

.comment        0x00000000       0x30
 *(.comment)
 .comment       0x00000000       0x30 Sketch.o
                                 0x31 (size before relaxing)
 .comment       0x00000030       0x31 src/libraries/arduino-lmic-master/src/aes/ideetron/AES-128_V10.o
 .comment       0x00000030       0x31 src/libraries/arduino-lmic-master/src/aes/other.o
 .comment       0x00000030       0x31 src/libraries/arduino-lmic-master/src/hal/hal.o
 .comment       0x00000030       0x31 src/libraries/arduino-lmic-master/src/lmic/lmic.o
 .comment       0x00000030       0x31 src/libraries/arduino-lmic-master/src/lmic/oslmic.o
 .comment       0x00000030       0x31 src/libraries/arduino-lmic-master/src/lmic/radio.o
 .comment       0x00000030       0x31 src/libraries/DHTlib/dht.o
 .comment       0x00000030       0x31 src/libraries/SoftwareSerial/src/SoftwareSerial.o
 .comment       0x00000030       0x31 src/libraries/SparkFun_CCS811_Arduino_Library-master/src/SparkFunCCS811.o
 .comment       0x00000030       0x31 src/libraries/SPI/src/SPI.o
 .comment       0x00000030       0x31 src/libraries/Wire/src/utility/twi.o
 .comment       0x00000030       0x31 src/libraries/Wire/src/Wire.o
 .comment       0x00000030       0x31 C:\Lora\TTNABP~1\TTNABP~1\TTNABP~1\ARDUIN~1\Debug\libArduinoCore.a(HardwareSerial.o)
 .comment       0x00000030       0x31 C:\Lora\TTNABP~1\TTNABP~1\TTNABP~1\ARDUIN~1\Debug\libArduinoCore.a(HardwareSerial0.o)
 .comment       0x00000030       0x31 C:\Lora\TTNABP~1\TTNABP~1\TTNABP~1\ARDUIN~1\Debug\libArduinoCore.a(main.o)
 .comment       0x00000030       0x31 C:\Lora\TTNABP~1\TTNABP~1\TTNABP~1\ARDUIN~1\Debug\libArduinoCore.a(Print.o)
 .comment       0x00000030       0x31 C:\Lora\TTNABP~1\TTNABP~1\TTNABP~1\ARDUIN~1\Debug\libArduinoCore.a(wiring.o)
 .comment       0x00000030       0x31 C:\Lora\TTNABP~1\TTNABP~1\TTNABP~1\ARDUIN~1\Debug\libArduinoCore.a(wiring_digital.o)
 .comment       0x00000030       0x31 C:\Lora\TTNABP~1\TTNABP~1\TTNABP~1\ARDUIN~1\Debug\libArduinoCore.a(WString.o)
 .comment       0x00000030       0x31 C:\Lora\TTNABP~1\TTNABP~1\TTNABP~1\ARDUIN~1\Debug\libArduinoCore.a(hooks.o)
 .comment       0x00000030       0x31 c:/program files (x86)/atmel/studio/7.0/toolchain/avr8/avr8-gnu-toolchain/bin/../lib/gcc/avr/5.4.0/../../../../avr/lib/avr5\libc.a(dtostrf.o)
 .comment       0x00000030       0x31 c:/program files (x86)/atmel/studio/7.0/toolchain/avr8/avr8-gnu-toolchain/bin/../lib/gcc/avr/5.4.0/../../../../avr/lib/avr5\libc.a(malloc.o)
 .comment       0x00000030       0x31 c:/program files (x86)/atmel/studio/7.0/toolchain/avr8/avr8-gnu-toolchain/bin/../lib/gcc/avr/5.4.0/../../../../avr/lib/avr5\libc.a(realloc.o)
 .comment       0x00000030       0x31 c:/program files (x86)/atmel/studio/7.0/toolchain/avr8/avr8-gnu-toolchain/bin/../lib/gcc/avr/5.4.0/../../../../avr/lib/avr5\libc.a(dtoa_prf.o)

.note.gnu.avr.deviceinfo
                0x00000000       0x3c
 .note.gnu.avr.deviceinfo
                0x00000000       0x3c C:/Program Files (x86)/Atmel/Studio/7.0/Packs/atmel/ATmega_DFP/1.3.300/gcc/dev/atmega328/avr5/crtatmega328.o

.note.gnu.build-id
 *(.note.gnu.build-id)

.debug
 *(.debug)

.line
 *(.line)

.debug_srcinfo
 *(.debug_srcinfo)

.debug_sfnames
 *(.debug_sfnames)

.debug_aranges  0x00000000      0xdf0
 *(.debug_aranges)
 .debug_aranges
                0x00000000       0x50 Sketch.o
 .debug_aranges
                0x00000050       0x38 src/libraries/arduino-lmic-master/src/aes/ideetron/AES-128_V10.o
 .debug_aranges
                0x00000088       0x28 src/libraries/arduino-lmic-master/src/aes/other.o
 .debug_aranges
                0x000000b0       0x80 src/libraries/arduino-lmic-master/src/hal/hal.o
 .debug_aranges
                0x00000130      0x2f8 src/libraries/arduino-lmic-master/src/lmic/lmic.o
 .debug_aranges
                0x00000428       0x80 src/libraries/arduino-lmic-master/src/lmic/oslmic.o
 .debug_aranges
                0x000004a8       0x90 src/libraries/arduino-lmic-master/src/lmic/radio.o
 .debug_aranges
                0x00000538       0x38 src/libraries/DHTlib/dht.o
 .debug_aranges
                0x00000570       0xa8 src/libraries/SoftwareSerial/src/SoftwareSerial.o
 .debug_aranges
                0x00000618       0xf0 src/libraries/SparkFun_CCS811_Arduino_Library-master/src/SparkFunCCS811.o
 .debug_aranges
                0x00000708       0x38 src/libraries/SPI/src/SPI.o
 .debug_aranges
                0x00000740       0x80 src/libraries/Wire/src/utility/twi.o
 .debug_aranges
                0x000007c0       0xf8 src/libraries/Wire/src/Wire.o
 .debug_aranges
                0x000008b8       0x68 C:\Lora\TTNABP~1\TTNABP~1\TTNABP~1\ARDUIN~1\Debug\libArduinoCore.a(HardwareSerial.o)
 .debug_aranges
                0x00000920       0x48 C:\Lora\TTNABP~1\TTNABP~1\TTNABP~1\ARDUIN~1\Debug\libArduinoCore.a(HardwareSerial0.o)
 .debug_aranges
                0x00000968       0x30 C:\Lora\TTNABP~1\TTNABP~1\TTNABP~1\ARDUIN~1\Debug\libArduinoCore.a(main.o)
 .debug_aranges
                0x00000998      0x100 C:\Lora\TTNABP~1\TTNABP~1\TTNABP~1\ARDUIN~1\Debug\libArduinoCore.a(Print.o)
 .debug_aranges
                0x00000a98       0x48 C:\Lora\TTNABP~1\TTNABP~1\TTNABP~1\ARDUIN~1\Debug\libArduinoCore.a(wiring.o)
 .debug_aranges
                0x00000ae0       0x38 C:\Lora\TTNABP~1\TTNABP~1\TTNABP~1\ARDUIN~1\Debug\libArduinoCore.a(wiring_digital.o)
 .debug_aranges
                0x00000b18      0x2b8 C:\Lora\TTNABP~1\TTNABP~1\TTNABP~1\ARDUIN~1\Debug\libArduinoCore.a(WString.o)
 .debug_aranges
                0x00000dd0       0x20 C:\Lora\TTNABP~1\TTNABP~1\TTNABP~1\ARDUIN~1\Debug\libArduinoCore.a(hooks.o)

.debug_pubnames
 *(.debug_pubnames)

.debug_info     0x00000000    0x1f3c4
 *(.debug_info .gnu.linkonce.wi.*)
 .debug_info    0x00000000      0x5f4 C:/Program Files (x86)/Atmel/Studio/7.0/Packs/atmel/ATmega_DFP/1.3.300/gcc/dev/atmega328/avr5/crtatmega328.o
 .debug_info    0x000005f4     0x3309 Sketch.o
 .debug_info    0x000038fd      0x592 src/libraries/arduino-lmic-master/src/aes/ideetron/AES-128_V10.o
 .debug_info    0x00003e8f      0x47b src/libraries/arduino-lmic-master/src/aes/other.o
 .debug_info    0x0000430a      0xcef src/libraries/arduino-lmic-master/src/hal/hal.o
 .debug_info    0x00004ff9     0x4de2 src/libraries/arduino-lmic-master/src/lmic/lmic.o
 .debug_info    0x00009ddb      0x986 src/libraries/arduino-lmic-master/src/lmic/oslmic.o
 .debug_info    0x0000a761     0x1f98 src/libraries/arduino-lmic-master/src/lmic/radio.o
 .debug_info    0x0000c6f9      0x815 src/libraries/DHTlib/dht.o
 .debug_info    0x0000cf0e     0x28fd src/libraries/SoftwareSerial/src/SoftwareSerial.o
 .debug_info    0x0000f80b     0x15a2 src/libraries/SparkFun_CCS811_Arduino_Library-master/src/SparkFunCCS811.o
 .debug_info    0x00010dad      0x66b src/libraries/SPI/src/SPI.o
 .debug_info    0x00011418      0x604 src/libraries/Wire/src/utility/twi.o
 .debug_info    0x00011a1c     0x27b0 src/libraries/Wire/src/Wire.o
 .debug_info    0x000141cc     0x1f6d C:\Lora\TTNABP~1\TTNABP~1\TTNABP~1\ARDUIN~1\Debug\libArduinoCore.a(HardwareSerial.o)
 .debug_info    0x00016139     0x1b16 C:\Lora\TTNABP~1\TTNABP~1\TTNABP~1\ARDUIN~1\Debug\libArduinoCore.a(HardwareSerial0.o)
 .debug_info    0x00017c4f      0x237 C:\Lora\TTNABP~1\TTNABP~1\TTNABP~1\ARDUIN~1\Debug\libArduinoCore.a(main.o)
 .debug_info    0x00017e86     0x28ff C:\Lora\TTNABP~1\TTNABP~1\TTNABP~1\ARDUIN~1\Debug\libArduinoCore.a(Print.o)
 .debug_info    0x0001a785      0x2cb C:\Lora\TTNABP~1\TTNABP~1\TTNABP~1\ARDUIN~1\Debug\libArduinoCore.a(wiring.o)
 .debug_info    0x0001aa50      0x5fe C:\Lora\TTNABP~1\TTNABP~1\TTNABP~1\ARDUIN~1\Debug\libArduinoCore.a(wiring_digital.o)
 .debug_info    0x0001b04e     0x4338 C:\Lora\TTNABP~1\TTNABP~1\TTNABP~1\ARDUIN~1\Debug\libArduinoCore.a(WString.o)
 .debug_info    0x0001f386       0x3e C:\Lora\TTNABP~1\TTNABP~1\TTNABP~1\ARDUIN~1\Debug\libArduinoCore.a(hooks.o)

.debug_abbrev   0x00000000     0x4dd1
 *(.debug_abbrev)
 .debug_abbrev  0x00000000      0x5a2 C:/Program Files (x86)/Atmel/Studio/7.0/Packs/atmel/ATmega_DFP/1.3.300/gcc/dev/atmega328/avr5/crtatmega328.o
 .debug_abbrev  0x000005a2      0x598 Sketch.o
 .debug_abbrev  0x00000b3a      0x249 src/libraries/arduino-lmic-master/src/aes/ideetron/AES-128_V10.o
 .debug_abbrev  0x00000d83      0x197 src/libraries/arduino-lmic-master/src/aes/other.o
 .debug_abbrev  0x00000f1a      0x4fb src/libraries/arduino-lmic-master/src/hal/hal.o
 .debug_abbrev  0x00001415      0x642 src/libraries/arduino-lmic-master/src/lmic/lmic.o
 .debug_abbrev  0x00001a57      0x2d0 src/libraries/arduino-lmic-master/src/lmic/oslmic.o
 .debug_abbrev  0x00001d27      0x3df src/libraries/arduino-lmic-master/src/lmic/radio.o
 .debug_abbrev  0x00002106      0x220 src/libraries/DHTlib/dht.o
 .debug_abbrev  0x00002326      0x60b src/libraries/SoftwareSerial/src/SoftwareSerial.o
 .debug_abbrev  0x00002931      0x474 src/libraries/SparkFun_CCS811_Arduino_Library-master/src/SparkFunCCS811.o
 .debug_abbrev  0x00002da5      0x283 src/libraries/SPI/src/SPI.o
 .debug_abbrev  0x00003028      0x260 src/libraries/Wire/src/utility/twi.o
 .debug_abbrev  0x00003288      0x581 src/libraries/Wire/src/Wire.o
 .debug_abbrev  0x00003809      0x4c6 C:\Lora\TTNABP~1\TTNABP~1\TTNABP~1\ARDUIN~1\Debug\libArduinoCore.a(HardwareSerial.o)
 .debug_abbrev  0x00003ccf      0x3ce C:\Lora\TTNABP~1\TTNABP~1\TTNABP~1\ARDUIN~1\Debug\libArduinoCore.a(HardwareSerial0.o)
 .debug_abbrev  0x0000409d      0x12d C:\Lora\TTNABP~1\TTNABP~1\TTNABP~1\ARDUIN~1\Debug\libArduinoCore.a(main.o)
 .debug_abbrev  0x000041ca      0x47a C:\Lora\TTNABP~1\TTNABP~1\TTNABP~1\ARDUIN~1\Debug\libArduinoCore.a(Print.o)
 .debug_abbrev  0x00004644      0x146 C:\Lora\TTNABP~1\TTNABP~1\TTNABP~1\ARDUIN~1\Debug\libArduinoCore.a(wiring.o)
 .debug_abbrev  0x0000478a      0x15b C:\Lora\TTNABP~1\TTNABP~1\TTNABP~1\ARDUIN~1\Debug\libArduinoCore.a(wiring_digital.o)
 .debug_abbrev  0x000048e5      0x4c2 C:\Lora\TTNABP~1\TTNABP~1\TTNABP~1\ARDUIN~1\Debug\libArduinoCore.a(WString.o)
 .debug_abbrev  0x00004da7       0x2a C:\Lora\TTNABP~1\TTNABP~1\TTNABP~1\ARDUIN~1\Debug\libArduinoCore.a(hooks.o)

.debug_line     0x00000000     0x8ab6
 *(.debug_line .debug_line.* .debug_line_end)
 .debug_line    0x00000000      0x133 C:/Program Files (x86)/Atmel/Studio/7.0/Packs/atmel/ATmega_DFP/1.3.300/gcc/dev/atmega328/avr5/crtatmega328.o
 .debug_line    0x00000133      0x698 Sketch.o
 .debug_line    0x000007cb      0x489 src/libraries/arduino-lmic-master/src/aes/ideetron/AES-128_V10.o
 .debug_line    0x00000c54      0x259 src/libraries/arduino-lmic-master/src/aes/other.o
 .debug_line    0x00000ead      0x589 src/libraries/arduino-lmic-master/src/hal/hal.o
 .debug_line    0x00001436     0x1f95 src/libraries/arduino-lmic-master/src/lmic/lmic.o
 .debug_line    0x000033cb      0x3fa src/libraries/arduino-lmic-master/src/lmic/oslmic.o
 .debug_line    0x000037c5      0x8dd src/libraries/arduino-lmic-master/src/lmic/radio.o
 .debug_line    0x000040a2      0x3c4 src/libraries/DHTlib/dht.o
 .debug_line    0x00004466      0x80e src/libraries/SoftwareSerial/src/SoftwareSerial.o
 .debug_line    0x00004c74      0x7b5 src/libraries/SparkFun_CCS811_Arduino_Library-master/src/SparkFunCCS811.o
 .debug_line    0x00005429      0x320 src/libraries/SPI/src/SPI.o
 .debug_line    0x00005749      0x52e src/libraries/Wire/src/utility/twi.o
 .debug_line    0x00005c77      0x608 src/libraries/Wire/src/Wire.o
 .debug_line    0x0000627f      0x4cb C:\Lora\TTNABP~1\TTNABP~1\TTNABP~1\ARDUIN~1\Debug\libArduinoCore.a(HardwareSerial.o)
 .debug_line    0x0000674a      0x2a1 C:\Lora\TTNABP~1\TTNABP~1\TTNABP~1\ARDUIN~1\Debug\libArduinoCore.a(HardwareSerial0.o)
 .debug_line    0x000069eb      0x17a C:\Lora\TTNABP~1\TTNABP~1\TTNABP~1\ARDUIN~1\Debug\libArduinoCore.a(main.o)
 .debug_line    0x00006b65      0x69a C:\Lora\TTNABP~1\TTNABP~1\TTNABP~1\ARDUIN~1\Debug\libArduinoCore.a(Print.o)
 .debug_line    0x000071ff      0x2af C:\Lora\TTNABP~1\TTNABP~1\TTNABP~1\ARDUIN~1\Debug\libArduinoCore.a(wiring.o)
 .debug_line    0x000074ae      0x267 C:\Lora\TTNABP~1\TTNABP~1\TTNABP~1\ARDUIN~1\Debug\libArduinoCore.a(wiring_digital.o)
 .debug_line    0x00007715     0x1360 C:\Lora\TTNABP~1\TTNABP~1\TTNABP~1\ARDUIN~1\Debug\libArduinoCore.a(WString.o)
 .debug_line    0x00008a75       0x41 C:\Lora\TTNABP~1\TTNABP~1\TTNABP~1\ARDUIN~1\Debug\libArduinoCore.a(hooks.o)

.debug_frame    0x00000000     0x2c7c
 *(.debug_frame)
 .debug_frame   0x00000000      0x124 Sketch.o
 .debug_frame   0x00000124       0xc4 src/libraries/arduino-lmic-master/src/aes/ideetron/AES-128_V10.o
 .debug_frame   0x000001e8       0x80 src/libraries/arduino-lmic-master/src/aes/other.o
 .debug_frame   0x00000268      0x150 src/libraries/arduino-lmic-master/src/hal/hal.o
 .debug_frame   0x000003b8      0x8e4 src/libraries/arduino-lmic-master/src/lmic/lmic.o
 .debug_frame   0x00000c9c      0x148 src/libraries/arduino-lmic-master/src/lmic/oslmic.o
 .debug_frame   0x00000de4      0x1fc src/libraries/arduino-lmic-master/src/lmic/radio.o
 .debug_frame   0x00000fe0      0x12c src/libraries/DHTlib/dht.o
 .debug_frame   0x0000110c      0x1d4 src/libraries/SoftwareSerial/src/SoftwareSerial.o
 .debug_frame   0x000012e0      0x3d8 src/libraries/SparkFun_CCS811_Arduino_Library-master/src/SparkFunCCS811.o
 .debug_frame   0x000016b8       0x5c src/libraries/SPI/src/SPI.o
 .debug_frame   0x00001714      0x134 src/libraries/Wire/src/utility/twi.o
 .debug_frame   0x00001848      0x280 src/libraries/Wire/src/Wire.o
 .debug_frame   0x00001ac8      0x110 C:\Lora\TTNABP~1\TTNABP~1\TTNABP~1\ARDUIN~1\Debug\libArduinoCore.a(HardwareSerial.o)
 .debug_frame   0x00001bd8       0xe0 C:\Lora\TTNABP~1\TTNABP~1\TTNABP~1\ARDUIN~1\Debug\libArduinoCore.a(HardwareSerial0.o)
 .debug_frame   0x00001cb8       0x54 C:\Lora\TTNABP~1\TTNABP~1\TTNABP~1\ARDUIN~1\Debug\libArduinoCore.a(main.o)
 .debug_frame   0x00001d0c      0x3ac C:\Lora\TTNABP~1\TTNABP~1\TTNABP~1\ARDUIN~1\Debug\libArduinoCore.a(Print.o)
 .debug_frame   0x000020b8       0xc4 C:\Lora\TTNABP~1\TTNABP~1\TTNABP~1\ARDUIN~1\Debug\libArduinoCore.a(wiring.o)
 .debug_frame   0x0000217c       0x7c C:\Lora\TTNABP~1\TTNABP~1\TTNABP~1\ARDUIN~1\Debug\libArduinoCore.a(wiring_digital.o)
 .debug_frame   0x000021f8      0xa60 C:\Lora\TTNABP~1\TTNABP~1\TTNABP~1\ARDUIN~1\Debug\libArduinoCore.a(WString.o)
 .debug_frame   0x00002c58       0x24 C:\Lora\TTNABP~1\TTNABP~1\TTNABP~1\ARDUIN~1\Debug\libArduinoCore.a(hooks.o)

.debug_str      0x00000000     0x59b8
 *(.debug_str)
 .debug_str     0x00000000      0x208 C:/Program Files (x86)/Atmel/Studio/7.0/Packs/atmel/ATmega_DFP/1.3.300/gcc/dev/atmega328/avr5/crtatmega328.o
 .debug_str     0x00000208     0x1db8 Sketch.o
                               0x1f46 (size before relaxing)
 .debug_str     0x00001fc0      0x10f src/libraries/arduino-lmic-master/src/aes/ideetron/AES-128_V10.o
                                0x34b (size before relaxing)
 .debug_str     0x000020cf      0x171 src/libraries/arduino-lmic-master/src/aes/other.o
                                0x2a3 (size before relaxing)
 .debug_str     0x00002240      0x50e src/libraries/arduino-lmic-master/src/hal/hal.o
                                0x91d (size before relaxing)
 .debug_str     0x0000274e     0x1148 src/libraries/arduino-lmic-master/src/lmic/lmic.o
                               0x1a0e (size before relaxing)
 .debug_str     0x00003896       0x92 src/libraries/arduino-lmic-master/src/lmic/oslmic.o
                                0x5b0 (size before relaxing)
 .debug_str     0x00003928      0x156 src/libraries/arduino-lmic-master/src/lmic/radio.o
                                0x9da (size before relaxing)
 .debug_str     0x00003a7e       0x9c src/libraries/DHTlib/dht.o
                                0x55e (size before relaxing)
 .debug_str     0x00003b1a      0xa65 src/libraries/SoftwareSerial/src/SoftwareSerial.o
                               0x195a (size before relaxing)
 .debug_str     0x0000457f      0x1a1 src/libraries/SparkFun_CCS811_Arduino_Library-master/src/SparkFunCCS811.o
                                0xa54 (size before relaxing)
 .debug_str     0x00004720       0xb4 src/libraries/SPI/src/SPI.o
                                0x6d5 (size before relaxing)
 .debug_str     0x000047d4      0x1ed src/libraries/Wire/src/utility/twi.o
                                0x3f2 (size before relaxing)
 .debug_str     0x000049c1      0x462 src/libraries/Wire/src/Wire.o
                               0x18e9 (size before relaxing)
 .debug_str     0x00004e23      0x3fd C:\Lora\TTNABP~1\TTNABP~1\TTNABP~1\ARDUIN~1\Debug\libArduinoCore.a(HardwareSerial.o)
                               0x163d (size before relaxing)
 .debug_str     0x00005220       0x47 C:\Lora\TTNABP~1\TTNABP~1\TTNABP~1\ARDUIN~1\Debug\libArduinoCore.a(HardwareSerial0.o)
                               0x1430 (size before relaxing)
 .debug_str     0x00005267       0x37 C:\Lora\TTNABP~1\TTNABP~1\TTNABP~1\ARDUIN~1\Debug\libArduinoCore.a(main.o)
                                0x2dc (size before relaxing)
 .debug_str     0x0000529e      0x2d5 C:\Lora\TTNABP~1\TTNABP~1\TTNABP~1\ARDUIN~1\Debug\libArduinoCore.a(Print.o)
                               0x126a (size before relaxing)
 .debug_str     0x00005573       0x5e C:\Lora\TTNABP~1\TTNABP~1\TTNABP~1\ARDUIN~1\Debug\libArduinoCore.a(wiring.o)
                                0x272 (size before relaxing)
 .debug_str     0x000055d1       0x47 C:\Lora\TTNABP~1\TTNABP~1\TTNABP~1\ARDUIN~1\Debug\libArduinoCore.a(wiring_digital.o)
                                0x2d7 (size before relaxing)
 .debug_str     0x00005618      0x384 C:\Lora\TTNABP~1\TTNABP~1\TTNABP~1\ARDUIN~1\Debug\libArduinoCore.a(WString.o)
                               0x11bd (size before relaxing)
 .debug_str     0x0000599c       0x1c C:\Lora\TTNABP~1\TTNABP~1\TTNABP~1\ARDUIN~1\Debug\libArduinoCore.a(hooks.o)
                                0x167 (size before relaxing)

.debug_loc      0x00000000    0x107f2
 *(.debug_loc)
 .debug_loc     0x00000000      0x423 Sketch.o
 .debug_loc     0x00000423      0x971 src/libraries/arduino-lmic-master/src/aes/ideetron/AES-128_V10.o
 .debug_loc     0x00000d94      0x448 src/libraries/arduino-lmic-master/src/aes/other.o
 .debug_loc     0x000011dc      0x49b src/libraries/arduino-lmic-master/src/hal/hal.o
 .debug_loc     0x00001677     0x3ad6 src/libraries/arduino-lmic-master/src/lmic/lmic.o
 .debug_loc     0x0000514d      0x60c src/libraries/arduino-lmic-master/src/lmic/oslmic.o
 .debug_loc     0x00005759      0x9a5 src/libraries/arduino-lmic-master/src/lmic/radio.o
 .debug_loc     0x000060fe      0x7dd src/libraries/DHTlib/dht.o
 .debug_loc     0x000068db      0xc96 src/libraries/SoftwareSerial/src/SoftwareSerial.o
 .debug_loc     0x00007571     0x138b src/libraries/SparkFun_CCS811_Arduino_Library-master/src/SparkFunCCS811.o
 .debug_loc     0x000088fc      0x1e4 src/libraries/SPI/src/SPI.o
 .debug_loc     0x00008ae0      0x3e6 src/libraries/Wire/src/utility/twi.o
 .debug_loc     0x00008ec6      0xbe6 src/libraries/Wire/src/Wire.o
 .debug_loc     0x00009aac      0x449 C:\Lora\TTNABP~1\TTNABP~1\TTNABP~1\ARDUIN~1\Debug\libArduinoCore.a(HardwareSerial.o)
 .debug_loc     0x00009ef5      0x1b0 C:\Lora\TTNABP~1\TTNABP~1\TTNABP~1\ARDUIN~1\Debug\libArduinoCore.a(HardwareSerial0.o)
 .debug_loc     0x0000a0a5     0x1c87 C:\Lora\TTNABP~1\TTNABP~1\TTNABP~1\ARDUIN~1\Debug\libArduinoCore.a(Print.o)
 .debug_loc     0x0000bd2c      0x28d C:\Lora\TTNABP~1\TTNABP~1\TTNABP~1\ARDUIN~1\Debug\libArduinoCore.a(wiring.o)
 .debug_loc     0x0000bfb9      0x5fc C:\Lora\TTNABP~1\TTNABP~1\TTNABP~1\ARDUIN~1\Debug\libArduinoCore.a(wiring_digital.o)
 .debug_loc     0x0000c5b5     0x423d C:\Lora\TTNABP~1\TTNABP~1\TTNABP~1\ARDUIN~1\Debug\libArduinoCore.a(WString.o)

.debug_macinfo
 *(.debug_macinfo)

.debug_weaknames
 *(.debug_weaknames)

.debug_funcnames
 *(.debug_funcnames)

.debug_typenames
 *(.debug_typenames)

.debug_varnames
 *(.debug_varnames)

.debug_pubtypes
 *(.debug_pubtypes)

.debug_ranges   0x00000000      0xf28
 *(.debug_ranges)
 .debug_ranges  0x00000000       0x40 Sketch.o
 .debug_ranges  0x00000040       0x40 src/libraries/arduino-lmic-master/src/aes/ideetron/AES-128_V10.o
 .debug_ranges  0x00000080       0x70 src/libraries/arduino-lmic-master/src/aes/other.o
 .debug_ranges  0x000000f0       0x70 src/libraries/arduino-lmic-master/src/hal/hal.o
 .debug_ranges  0x00000160      0x3e8 src/libraries/arduino-lmic-master/src/lmic/lmic.o
 .debug_ranges  0x00000548       0x70 src/libraries/arduino-lmic-master/src/lmic/oslmic.o
 .debug_ranges  0x000005b8       0x98 src/libraries/arduino-lmic-master/src/lmic/radio.o
 .debug_ranges  0x00000650       0x40 src/libraries/DHTlib/dht.o
 .debug_ranges  0x00000690       0xe0 src/libraries/SoftwareSerial/src/SoftwareSerial.o
 .debug_ranges  0x00000770      0x100 src/libraries/SparkFun_CCS811_Arduino_Library-master/src/SparkFunCCS811.o
 .debug_ranges  0x00000870       0x28 src/libraries/SPI/src/SPI.o
 .debug_ranges  0x00000898       0x70 src/libraries/Wire/src/utility/twi.o
 .debug_ranges  0x00000908       0xe8 src/libraries/Wire/src/Wire.o
 .debug_ranges  0x000009f0       0x58 C:\Lora\TTNABP~1\TTNABP~1\TTNABP~1\ARDUIN~1\Debug\libArduinoCore.a(HardwareSerial.o)
 .debug_ranges  0x00000a48       0x38 C:\Lora\TTNABP~1\TTNABP~1\TTNABP~1\ARDUIN~1\Debug\libArduinoCore.a(HardwareSerial0.o)
 .debug_ranges  0x00000a80       0x20 C:\Lora\TTNABP~1\TTNABP~1\TTNABP~1\ARDUIN~1\Debug\libArduinoCore.a(main.o)